Archive member included to satisfy reference by file (symbol)

/usr/local/Cellar/avr-gcc/8.1.0/lib/avr-gcc/8/gcc/avr/8.1.0/avr5/libgcc.a(_mulsi3.o)
                              inductor.o (__mulsi3)
/usr/local/Cellar/avr-gcc/8.1.0/lib/avr-gcc/8/gcc/avr/8.1.0/avr5/libgcc.a(_udivmodqi4.o)
                              user.o (__udivmodqi4)
/usr/local/Cellar/avr-gcc/8.1.0/lib/avr-gcc/8/gcc/avr/8.1.0/avr5/libgcc.a(_divmodqi4.o)
                              display.o (__divmodqi4)
/usr/local/Cellar/avr-gcc/8.1.0/lib/avr-gcc/8/gcc/avr/8.1.0/avr5/libgcc.a(_udivmodhi4.o)
                              main.o (__udivmodhi4)
/usr/local/Cellar/avr-gcc/8.1.0/lib/avr-gcc/8/gcc/avr/8.1.0/avr5/libgcc.a(_divmodhi4.o)
                              main.o (__divmodhi4)
/usr/local/Cellar/avr-gcc/8.1.0/lib/avr-gcc/8/gcc/avr/8.1.0/avr5/libgcc.a(_udivmodsi4.o)
                              main.o (__udivmodsi4)
/usr/local/Cellar/avr-gcc/8.1.0/lib/avr-gcc/8/gcc/avr/8.1.0/avr5/libgcc.a(_divmodsi4.o)
                              adjust.o (__divmodsi4)
/usr/local/Cellar/avr-gcc/8.1.0/lib/avr-gcc/8/gcc/avr/8.1.0/avr5/libgcc.a(_negsi2.o)
                              /usr/local/Cellar/avr-gcc/8.1.0/lib/avr-gcc/8/gcc/avr/8.1.0/avr5/libgcc.a(_divmodsi4.o) (__negsi2)
/usr/local/Cellar/avr-gcc/8.1.0/lib/avr-gcc/8/gcc/avr/8.1.0/avr5/libgcc.a(_exit.o)
                              /usr/local/Cellar/avr-gcc/8.1.0/lib/avr-gcc/8/gcc/avr/8.1.0/../../../../../../avr/lib/avr5/crtatmega328.o (exit)
/usr/local/Cellar/avr-gcc/8.1.0/lib/avr-gcc/8/gcc/avr/8.1.0/avr5/libgcc.a(_tablejump2.o)
                              user.o (__tablejump2__)
/usr/local/Cellar/avr-gcc/8.1.0/lib/avr-gcc/8/gcc/avr/8.1.0/avr5/libgcc.a(_copy_data.o)
                              main.o (__do_copy_data)
/usr/local/Cellar/avr-gcc/8.1.0/lib/avr-gcc/8/gcc/avr/8.1.0/avr5/libgcc.a(_clear_bss.o)
                              main.o (__do_clear_bss)
/usr/local/Cellar/avr-gcc/8.1.0/lib/avr-gcc/8/gcc/avr/8.1.0/avr5/libgcc.a(_umulhisi3.o)
                              main.o (__umulhisi3)
/usr/local/Cellar/avr-gcc/8.1.0/lib/avr-gcc/8/gcc/avr/8.1.0/avr5/libgcc.a(_usmulhisi3.o)
                              cap.o (__usmulhisi3)
/usr/local/Cellar/avr-gcc/8.1.0/lib/avr-gcc/8/gcc/avr/8.1.0/avr5/libgcc.a(_muluhisi3.o)
                              user.o (__muluhisi3)
/usr/local/Cellar/avr-gcc/8.1.0/lib/avr-gcc/8/gcc/avr/8.1.0/avr5/libgcc.a(_prologue.o)
                              main.o (__prologue_saves__)
/usr/local/Cellar/avr-gcc/8.1.0/lib/avr-gcc/8/gcc/avr/8.1.0/avr5/libgcc.a(_epilogue.o)
                              main.o (__epilogue_restores__)
/usr/local/Cellar/avr-gcc/8.1.0/lib/avr-gcc/8/gcc/avr/8.1.0/../../../../../../avr/lib/avr5/libc.a(ultoa_ncheck.o)
                              display.o (__ultoa_ncheck)
/usr/local/Cellar/avr-gcc/8.1.0/lib/avr-gcc/8/gcc/avr/8.1.0/../../../../../../avr/lib/avr5/libc.a(utoa_ncheck.o)
                              display.o (__utoa_ncheck)
/usr/local/Cellar/avr-gcc/8.1.0/lib/avr-gcc/8/gcc/avr/8.1.0/../../../../../../avr/lib/avr5/libc.a(strrev.o)
                              /usr/local/Cellar/avr-gcc/8.1.0/lib/avr-gcc/8/gcc/avr/8.1.0/../../../../../../avr/lib/avr5/libc.a(ultoa_ncheck.o) (strrev)
/usr/local/Cellar/avr-gcc/8.1.0/lib/avr-gcc/8/gcc/avr/8.1.0/../../../../../../avr/lib/avr5/libatmega328.a(eerd_byte.o)
                              adjust.o (eeprom_read_byte)
/usr/local/Cellar/avr-gcc/8.1.0/lib/avr-gcc/8/gcc/avr/8.1.0/../../../../../../avr/lib/avr5/libatmega328.a(eerd_word.o)
                              user.o (eeprom_read_word)
/usr/local/Cellar/avr-gcc/8.1.0/lib/avr-gcc/8/gcc/avr/8.1.0/../../../../../../avr/lib/avr5/libatmega328.a(eewr_byte.o)
                              adjust.o (eeprom_write_byte)
/usr/local/Cellar/avr-gcc/8.1.0/lib/avr-gcc/8/gcc/avr/8.1.0/../../../../../../avr/lib/avr5/libatmega328.a(eerd_block.o)
                              /usr/local/Cellar/avr-gcc/8.1.0/lib/avr-gcc/8/gcc/avr/8.1.0/../../../../../../avr/lib/avr5/libatmega328.a(eerd_word.o) (eeprom_read_blraw)

Allocating common symbols
Common symbol       size              file

Check               0xb               main.o
Resistors           0x15              main.o
FreqPulses          0x2               tools.o
UI                  0x14              main.o
X_End               0x2               ST7735.o
LineMask            0x2               ST7735.o
AltSemi             0x7               main.o
OutBuffer           0xc               main.o
Caps                0x2d              main.o
Y_End               0x2               ST7735.o
Diodes              0x24              main.o
Cfg                 0xa               main.o
MissedParts         0x1               main.o
SPI                 0x1               main.o
IR_Code             0x6               IR.o
Semi                0x15              main.o
IR_Data_1           0x1               IR.o
Y_Start             0x2               ST7735.o
X_Start             0x2               ST7735.o
Probes              0x12              main.o
NV                  0xb               main.o
Inductor            0x5               main.o

Memory Configuration

Name             Origin             Length             Attributes
text             0x0000000000000000 0x0000000000020000 xr
data             0x0000000000800060 0x000000000000ffa0 rw !x
eeprom           0x0000000000810000 0x0000000000010000 rw !x
fuse             0x0000000000820000 0x0000000000000400 rw !x
lock             0x0000000000830000 0x0000000000000400 rw !x
signature        0x0000000000840000 0x0000000000000400 rw !x
user_signatures  0x0000000000850000 0x0000000000000400 rw !x
*default*        0x0000000000000000 0xffffffffffffffff

Linker script and memory map

Address of section .data set to 0x800100
LOAD /usr/local/Cellar/avr-gcc/8.1.0/lib/avr-gcc/8/gcc/avr/8.1.0/../../../../../../avr/lib/avr5/crtatmega328.o
LOAD main.o
LOAD user.o
LOAD pause.o
LOAD adjust.o
LOAD ADC.o
LOAD probes.o
LOAD resistor.o
LOAD cap.o
LOAD semi.o
LOAD inductor.o
LOAD tools.o
LOAD IR.o
LOAD display.o
LOAD SPI.o
LOAD I2C.o
LOAD serial.o
LOAD commands.o
LOAD HD44780.o
LOAD ST7565R.o
LOAD ILI9341.o
LOAD PCD8544.o
LOAD ST7735.o
LOAD ST7920.o
LOAD SSD1306.o
LOAD ILI9163.o
LOAD ADS7843.o
LOAD wait.o
START GROUP
LOAD /usr/local/Cellar/avr-gcc/8.1.0/lib/avr-gcc/8/gcc/avr/8.1.0/avr5/libgcc.a
LOAD /usr/local/Cellar/avr-gcc/8.1.0/lib/avr-gcc/8/gcc/avr/8.1.0/../../../../../../avr/lib/avr5/libm.a
LOAD /usr/local/Cellar/avr-gcc/8.1.0/lib/avr-gcc/8/gcc/avr/8.1.0/../../../../../../avr/lib/avr5/libc.a
LOAD /usr/local/Cellar/avr-gcc/8.1.0/lib/avr-gcc/8/gcc/avr/8.1.0/../../../../../../avr/lib/avr5/libatmega328.a
END GROUP
                0x0000000000020000                __TEXT_REGION_LENGTH__ = DEFINED (__TEXT_REGION_LENGTH__)?__TEXT_REGION_LENGTH__:0x20000
                0x000000000000ffa0                __DATA_REGION_LENGTH__ = DEFINED (__DATA_REGION_LENGTH__)?__DATA_REGION_LENGTH__:0xffa0
                0x0000000000010000                __EEPROM_REGION_LENGTH__ = DEFINED (__EEPROM_REGION_LENGTH__)?__EEPROM_REGION_LENGTH__:0x10000
                0x0000000000000400                __FUSE_REGION_LENGTH__ = DEFINED (__FUSE_REGION_LENGTH__)?__FUSE_REGION_LENGTH__:0x400
                0x0000000000000400                __LOCK_REGION_LENGTH__ = DEFINED (__LOCK_REGION_LENGTH__)?__LOCK_REGION_LENGTH__:0x400
                0x0000000000000400                __SIGNATURE_REGION_LENGTH__ = DEFINED (__SIGNATURE_REGION_LENGTH__)?__SIGNATURE_REGION_LENGTH__:0x400
                0x0000000000000400                __USER_SIGNATURE_REGION_LENGTH__ = DEFINED (__USER_SIGNATURE_REGION_LENGTH__)?__USER_SIGNATURE_REGION_LENGTH__:0x400

.hash
 *(.hash)

.dynsym
 *(.dynsym)

.dynstr
 *(.dynstr)

.gnu.version
 *(.gnu.version)

.gnu.version_d
 *(.gnu.version_d)

.gnu.version_r
 *(.gnu.version_r)

.rel.init
 *(.rel.init)

.rela.init
 *(.rela.init)

.rel.text
 *(.rel.text)
 *(.rel.text.*)
 *(.rel.gnu.linkonce.t*)

.rela.text
 *(.rela.text)
 *(.rela.text.*)
 *(.rela.gnu.linkonce.t*)

.rel.fini
 *(.rel.fini)

.rela.fini
 *(.rela.fini)

.rel.rodata
 *(.rel.rodata)
 *(.rel.rodata.*)
 *(.rel.gnu.linkonce.r*)

.rela.rodata
 *(.rela.rodata)
 *(.rela.rodata.*)
 *(.rela.gnu.linkonce.r*)

.rel.data
 *(.rel.data)
 *(.rel.data.*)
 *(.rel.gnu.linkonce.d*)

.rela.data
 *(.rela.data)
 *(.rela.data.*)
 *(.rela.gnu.linkonce.d*)

.rel.ctors
 *(.rel.ctors)

.rela.ctors
 *(.rela.ctors)

.rel.dtors
 *(.rel.dtors)

.rela.dtors
 *(.rela.dtors)

.rel.got
 *(.rel.got)

.rela.got
 *(.rela.got)

.rel.bss
 *(.rel.bss)

.rela.bss
 *(.rela.bss)

.rel.plt
 *(.rel.plt)

.rela.plt
 *(.rela.plt)

.text           0x0000000000000000     0x7964
 *(.vectors)
 .vectors       0x0000000000000000       0x68 /usr/local/Cellar/avr-gcc/8.1.0/lib/avr-gcc/8/gcc/avr/8.1.0/../../../../../../avr/lib/avr5/crtatmega328.o
                0x0000000000000000                __vectors
                0x0000000000000000                __vector_default
 *(.vectors)
 *(.progmem.gcc*)
                0x0000000000000068                . = ALIGN (0x2)
                0x0000000000000068                __trampolines_start = .
 *(.trampolines)
 .trampolines   0x0000000000000068        0x0 linker stubs
 *(.trampolines*)
                0x0000000000000068                __trampolines_end = .
 *libprintf_flt.a:*(.progmem.data)
 *libc.a:*(.progmem.data)
 *(.progmem.*)
 .progmem.data  0x0000000000000068     0x12af ST7735.o
                0x0000000000000068                PinTable
                0x000000000000008f                SymbolData
                0x0000000000000437                FontTable
                0x0000000000000537                FontData
                0x0000000000001318                . = ALIGN (0x2)
 *fill*         0x0000000000001317        0x1 
 *(.lowtext)
 *(.lowtext*)
                0x0000000000001318                __ctors_start = .
 *(.ctors)
                0x0000000000001318                __ctors_end = .
                0x0000000000001318                __dtors_start = .
 *(.dtors)
                0x0000000000001318                __dtors_end = .
 SORT_BY_NAME(*)(.ctors)
 SORT_BY_NAME(*)(.dtors)
 *(.init0)
 .init0         0x0000000000001318        0x0 /usr/local/Cellar/avr-gcc/8.1.0/lib/avr-gcc/8/gcc/avr/8.1.0/../../../../../../avr/lib/avr5/crtatmega328.o
                0x0000000000001318                __init
 *(.init0)
 *(.init1)
 *(.init1)
 *(.init2)
 .init2         0x0000000000001318        0xc /usr/local/Cellar/avr-gcc/8.1.0/lib/avr-gcc/8/gcc/avr/8.1.0/../../../../../../avr/lib/avr5/crtatmega328.o
 *(.init2)
 *(.init3)
 *(.init3)
 *(.init4)
 .init4         0x0000000000001324       0x16 /usr/local/Cellar/avr-gcc/8.1.0/lib/avr-gcc/8/gcc/avr/8.1.0/avr5/libgcc.a(_copy_data.o)
                0x0000000000001324                __do_copy_data
 .init4         0x000000000000133a       0x10 /usr/local/Cellar/avr-gcc/8.1.0/lib/avr-gcc/8/gcc/avr/8.1.0/avr5/libgcc.a(_clear_bss.o)
                0x000000000000133a                __do_clear_bss
 *(.init4)
 *(.init5)
 *(.init5)
 *(.init6)
 *(.init6)
 *(.init7)
 *(.init7)
 *(.init8)
 *(.init8)
 *(.init9)
 .init9         0x000000000000134a        0x8 /usr/local/Cellar/avr-gcc/8.1.0/lib/avr-gcc/8/gcc/avr/8.1.0/../../../../../../avr/lib/avr5/crtatmega328.o
 *(.init9)
 *(.text)
 .text          0x0000000000001352        0x4 /usr/local/Cellar/avr-gcc/8.1.0/lib/avr-gcc/8/gcc/avr/8.1.0/../../../../../../avr/lib/avr5/crtatmega328.o
                0x0000000000001352                __vector_20
                0x0000000000001352                __vector_1
                0x0000000000001352                __vector_24
                0x0000000000001352                __vector_12
                0x0000000000001352                __bad_interrupt
                0x0000000000001352                __vector_6
                0x0000000000001352                __vector_3
                0x0000000000001352                __vector_23
                0x0000000000001352                __vector_25
                0x0000000000001352                __vector_13
                0x0000000000001352                __vector_17
                0x0000000000001352                __vector_19
                0x0000000000001352                __vector_5
                0x0000000000001352                __vector_4
                0x0000000000001352                __vector_9
                0x0000000000001352                __vector_2
                0x0000000000001352                __vector_21
                0x0000000000001352                __vector_15
                0x0000000000001352                __vector_8
                0x0000000000001352                __vector_14
                0x0000000000001352                __vector_10
                0x0000000000001352                __vector_18
                0x0000000000001352                __vector_22
 .text          0x0000000000001356      0xa68 main.o
                0x0000000000001356                Show_SemiPinout
                0x00000000000013d4                Show_SimplePinout
                0x0000000000001448                Show_Fail
                0x0000000000001464                Show_Error
                0x00000000000014a0                Show_SingleResistor
                0x00000000000014d2                Show_Resistor
                0x0000000000001612                Show_Capacitor
                0x00000000000016dc                Show_SemiCurrent
                0x000000000000173c                Show_Diode_Cap
                0x000000000000175e                Show_Diode
                0x0000000000001a04                Show_BJT
                0x0000000000001b50                Show_FET_Extras
                0x0000000000001c4c                Show_FET_Channel
                0x0000000000001c6c                Show_FET_Mode
                0x0000000000001c88                Show_FET
                0x0000000000001cec                Show_IGBT
                0x0000000000001d10                Show_ThyristorTriac
                0x0000000000001d6a                Show_PUT
 .text          0x0000000000001dbe      0x794 user.o
                0x0000000000001dbe                NumberOfDigits
                0x0000000000001dfc                CmpValue
                0x0000000000001ee8                RescaleValue
                0x0000000000001f38                ReadEncoder
                0x0000000000001fea                TestKey
                0x0000000000002158                WaitKey
                0x0000000000002164                ShortCircuit
                0x00000000000021ce                MarkItem
                0x00000000000021f8                MenuTool
                0x0000000000002364                AdjustmentMenu
                0x00000000000023d6                PresentMainMenu
                0x00000000000024ac                MainMenu
 .text          0x0000000000002552       0xe4 pause.o
                0x0000000000002552                MilliSleep
                0x0000000000002622                __vector_7
 .text          0x0000000000002636      0x846 adjust.o
                0x0000000000002636                SetAdjustmentDefaults
                0x000000000000265e                CheckSum
                0x0000000000002678                ManageAdjustmentStorage
                0x0000000000002718                ShowAdjustmentValues
                0x00000000000027fe                SelfAdjustment
                0x0000000000002c42                SelfTest
 .text          0x0000000000002e7c       0xe2 ADC.o
                0x0000000000002e7c                ReadU
                0x0000000000002f3a                ReadU_5ms
                0x0000000000002f4c                ReadU_20ms
 .text          0x0000000000002f5e      0x510 probes.o
                0x0000000000002f5e                UpdateProbes
                0x000000000000301a                RestoreProbes
                0x000000000000302a                BackupProbes
                0x000000000000303c                GetThirdProbe
                0x000000000000304c                ShortedPair
                0x00000000000030b2                ShortedProbes
                0x00000000000030d6                DischargeProbes
                0x00000000000031f4                PullProbe
                0x000000000000322c                GetFactor
                0x00000000000032f4                CheckProbes
                0x000000000000342c                CheckAlternatives
 .text          0x000000000000346e      0x5fe resistor.o
                0x000000000000346e                SmallResistor
                0x00000000000035da                CheckResistor
                0x0000000000003a10                CheckSingleResistor
 .text          0x0000000000003a6c      0x8d2 cap.o
                0x0000000000003a6c                SetUpDelayTimer
                0x0000000000003a82                DelayTimer
                0x0000000000003a94                MeasureESR
                0x0000000000003d14                LargeCap
                0x0000000000003f66                SmallCap
                0x00000000000041f0                MeasureCap
 .text          0x000000000000433e      0xd86 semi.o
                0x000000000000433e                GetLeakageCurrent
                0x0000000000004404                SearchDiode
                0x000000000000442a                CheckDiode
                0x000000000000462a                VerifyMOSFET
                0x000000000000465c                GetGateThreshold
                0x000000000000473e                Get_hFE_C
                0x000000000000488e                CheckTransistor
                0x0000000000004c2a                CheckDepletionModeFET
                0x0000000000004ee6                CheckThyristorTriac
                0x0000000000005022                CheckPUT
 .text          0x00000000000050c4      0x428 inductor.o
                0x00000000000050c4                MeasureInductance
                0x0000000000005286                MeasureInductor
 .text          0x00000000000054ec      0xafe tools.o
                0x00000000000054ec                ProbePinout
                0x0000000000005518                PWM_Tool
                0x00000000000056b2                SquareWave_SignalGenerator
                0x00000000000058d6                ESR_Tool
                0x0000000000005976                Zener_Tool
                0x0000000000005a76                FrequencyCounter
                0x0000000000005c1c                __vector_16
                0x0000000000005c40                __vector_11
                0x0000000000005c56                Check_LED
                0x0000000000005c94                OptoCoupler_Tool
 .text          0x0000000000005fea      0x980 IR.o
                0x0000000000005fea                PulseCheck
                0x000000000000601a                BiPhase_Demod
                0x0000000000006120                PxM_Demod
                0x00000000000061c4                SpecialBiPhasePulse
                0x0000000000006250                GetBits
                0x00000000000062aa                IR_Decode
                0x0000000000006874                IR_Detector
 .text          0x000000000000696a      0x3f0 display.o
                0x000000000000696a                Display_NextLine
                0x00000000000069ae                Display_EEString
                0x00000000000069cc                Display_ProbeNumber
                0x0000000000006a04                Display_Space
                0x0000000000006a0c                Display_EEString_Space
                0x0000000000006a16                Display_NL_EEString
                0x0000000000006a2c                Display_NL_EEString_Space
                0x0000000000006a46                LCD_ClearLine2
                0x0000000000006a56                Display_HexDigit
                0x0000000000006a66                Display_HexByte
                0x0000000000006a7e                Display_FullValue
                0x0000000000006b1e                Display_Value
                0x0000000000006c36                Display_SignedValue
                0x0000000000006c7e                LCD_FancyProbeNumber
                0x0000000000006ccc                LCD_FancySemiPinout
 .text          0x0000000000006d5a       0x38 SPI.o
                0x0000000000006d5a                SPI_Setup
                0x0000000000006d7a                SPI_Write_Byte
 .text          0x0000000000006d92        0x0 I2C.o
 .text          0x0000000000006d92        0x0 serial.o
 .text          0x0000000000006d92        0x0 commands.o
 .text          0x0000000000006d92        0x0 HD44780.o
 .text          0x0000000000006d92        0x0 ST7565R.o
 .text          0x0000000000006d92        0x0 ILI9341.o
 .text          0x0000000000006d92        0x0 PCD8544.o
 .text          0x0000000000006d92      0x422 ST7735.o
                0x0000000000006d92                LCD_BusSetup
                0x0000000000006da2                LCD_Cmd
                0x0000000000006dae                LCD_Data
                0x0000000000006dba                LCD_Data2
                0x0000000000006dd4                LCD_AddressWindow
                0x0000000000006e12                LCD_CharPos
                0x0000000000006e68                LCD_ClearLine
                0x0000000000006f46                LCD_Clear
                0x0000000000006f62                LCD_Init
                0x0000000000006ff8                LCD_Char
                0x00000000000070d2                LCD_Cursor
                0x00000000000070ee                LCD_Symbol
 .text          0x00000000000071b4        0x0 ST7920.o
 .text          0x00000000000071b4        0x0 SSD1306.o
 .text          0x00000000000071b4        0x0 ILI9163.o
 .text          0x00000000000071b4        0x0 ADS7843.o
 .text          0x00000000000071b4       0x50 wait.o
                0x00000000000071b4                wait5s
                0x00000000000071b6                wait4s
                0x00000000000071b8                wait3s
                0x00000000000071ba                wait2s
                0x00000000000071bc                wait1000ms
                0x00000000000071bc                wait1s
                0x00000000000071be                wait500ms
                0x00000000000071c0                wait400ms
                0x00000000000071c2                wait300ms
                0x00000000000071c4                wait200ms
                0x00000000000071c6                wait100ms
                0x00000000000071ca                wait50ms
                0x00000000000071cc                wait40ms
                0x00000000000071ce                wait30ms
                0x00000000000071d0                wait20ms
                0x00000000000071d2                wait10ms
                0x00000000000071d4                wait5ms
                0x00000000000071d6                wait4ms
                0x00000000000071d8                wait3ms
                0x00000000000071da                wait2ms
                0x00000000000071dc                wait1ms
                0x00000000000071de                wait500us
                0x00000000000071e0                wait400us
                0x00000000000071e2                wait300us
                0x00000000000071e4                wait200us
                0x00000000000071e6                wait100us
                0x00000000000071e8                wait50us
                0x00000000000071ea                wait40us
                0x00000000000071ec                wait30us
                0x00000000000071ee                wait20us
                0x00000000000071f0                wait10us
                0x00000000000071f2                wait5us
                0x00000000000071f4                wait4us
                0x00000000000071f6                wait3us
                0x00000000000071f8                wait2us
                0x00000000000071fa                wait1us
 .text          0x0000000000007204        0x0 /usr/local/Cellar/avr-gcc/8.1.0/lib/avr-gcc/8/gcc/avr/8.1.0/avr5/libgcc.a(_mulsi3.o)
 .text          0x0000000000007204        0x0 /usr/local/Cellar/avr-gcc/8.1.0/lib/avr-gcc/8/gcc/avr/8.1.0/avr5/libgcc.a(_udivmodqi4.o)
 .text          0x0000000000007204        0x0 /usr/local/Cellar/avr-gcc/8.1.0/lib/avr-gcc/8/gcc/avr/8.1.0/avr5/libgcc.a(_divmodqi4.o)
 .text          0x0000000000007204        0x0 /usr/local/Cellar/avr-gcc/8.1.0/lib/avr-gcc/8/gcc/avr/8.1.0/avr5/libgcc.a(_udivmodhi4.o)
 .text          0x0000000000007204        0x0 /usr/local/Cellar/avr-gcc/8.1.0/lib/avr-gcc/8/gcc/avr/8.1.0/avr5/libgcc.a(_divmodhi4.o)
 .text          0x0000000000007204        0x0 /usr/local/Cellar/avr-gcc/8.1.0/lib/avr-gcc/8/gcc/avr/8.1.0/avr5/libgcc.a(_udivmodsi4.o)
 .text          0x0000000000007204        0x0 /usr/local/Cellar/avr-gcc/8.1.0/lib/avr-gcc/8/gcc/avr/8.1.0/avr5/libgcc.a(_divmodsi4.o)
 .text          0x0000000000007204        0x0 /usr/local/Cellar/avr-gcc/8.1.0/lib/avr-gcc/8/gcc/avr/8.1.0/avr5/libgcc.a(_negsi2.o)
 .text          0x0000000000007204        0x0 /usr/local/Cellar/avr-gcc/8.1.0/lib/avr-gcc/8/gcc/avr/8.1.0/avr5/libgcc.a(_exit.o)
 .text          0x0000000000007204        0x0 /usr/local/Cellar/avr-gcc/8.1.0/lib/avr-gcc/8/gcc/avr/8.1.0/avr5/libgcc.a(_tablejump2.o)
 .text          0x0000000000007204        0x0 /usr/local/Cellar/avr-gcc/8.1.0/lib/avr-gcc/8/gcc/avr/8.1.0/avr5/libgcc.a(_copy_data.o)
 .text          0x0000000000007204        0x0 /usr/local/Cellar/avr-gcc/8.1.0/lib/avr-gcc/8/gcc/avr/8.1.0/avr5/libgcc.a(_clear_bss.o)
 .text          0x0000000000007204        0x0 /usr/local/Cellar/avr-gcc/8.1.0/lib/avr-gcc/8/gcc/avr/8.1.0/avr5/libgcc.a(_umulhisi3.o)
 .text          0x0000000000007204        0x0 /usr/local/Cellar/avr-gcc/8.1.0/lib/avr-gcc/8/gcc/avr/8.1.0/avr5/libgcc.a(_usmulhisi3.o)
 .text          0x0000000000007204        0x0 /usr/local/Cellar/avr-gcc/8.1.0/lib/avr-gcc/8/gcc/avr/8.1.0/avr5/libgcc.a(_muluhisi3.o)
 .text          0x0000000000007204        0x0 /usr/local/Cellar/avr-gcc/8.1.0/lib/avr-gcc/8/gcc/avr/8.1.0/avr5/libgcc.a(_prologue.o)
 .text          0x0000000000007204        0x0 /usr/local/Cellar/avr-gcc/8.1.0/lib/avr-gcc/8/gcc/avr/8.1.0/avr5/libgcc.a(_epilogue.o)
 .text          0x0000000000007204        0x0 /usr/local/Cellar/avr-gcc/8.1.0/lib/avr-gcc/8/gcc/avr/8.1.0/../../../../../../avr/lib/avr5/libc.a(ultoa_ncheck.o)
 .text          0x0000000000007204        0x0 /usr/local/Cellar/avr-gcc/8.1.0/lib/avr-gcc/8/gcc/avr/8.1.0/../../../../../../avr/lib/avr5/libc.a(utoa_ncheck.o)
 .text          0x0000000000007204        0x0 /usr/local/Cellar/avr-gcc/8.1.0/lib/avr-gcc/8/gcc/avr/8.1.0/../../../../../../avr/lib/avr5/libc.a(strrev.o)
 .text          0x0000000000007204        0x0 /usr/local/Cellar/avr-gcc/8.1.0/lib/avr-gcc/8/gcc/avr/8.1.0/../../../../../../avr/lib/avr5/libatmega328.a(eerd_byte.o)
 .text          0x0000000000007204        0x0 /usr/local/Cellar/avr-gcc/8.1.0/lib/avr-gcc/8/gcc/avr/8.1.0/../../../../../../avr/lib/avr5/libatmega328.a(eerd_word.o)
 .text          0x0000000000007204        0x0 /usr/local/Cellar/avr-gcc/8.1.0/lib/avr-gcc/8/gcc/avr/8.1.0/../../../../../../avr/lib/avr5/libatmega328.a(eewr_byte.o)
 .text          0x0000000000007204        0x0 /usr/local/Cellar/avr-gcc/8.1.0/lib/avr-gcc/8/gcc/avr/8.1.0/../../../../../../avr/lib/avr5/libatmega328.a(eerd_block.o)
                0x0000000000007204                . = ALIGN (0x2)
 *(.text.*)
 .text.startup  0x0000000000007204      0x46e main.o
                0x0000000000007204                main
 .text.libgcc.mul
                0x0000000000007672       0x20 /usr/local/Cellar/avr-gcc/8.1.0/lib/avr-gcc/8/gcc/avr/8.1.0/avr5/libgcc.a(_mulsi3.o)
                0x0000000000007672                __mulsi3
 .text.libgcc.div
                0x0000000000007692        0x0 /usr/local/Cellar/avr-gcc/8.1.0/lib/avr-gcc/8/gcc/avr/8.1.0/avr5/libgcc.a(_mulsi3.o)
 .text.libgcc   0x0000000000007692        0x0 /usr/local/Cellar/avr-gcc/8.1.0/lib/avr-gcc/8/gcc/avr/8.1.0/avr5/libgcc.a(_mulsi3.o)
 .text.libgcc.prologue
                0x0000000000007692        0x0 /usr/local/Cellar/avr-gcc/8.1.0/lib/avr-gcc/8/gcc/avr/8.1.0/avr5/libgcc.a(_mulsi3.o)
 .text.libgcc.builtins
                0x0000000000007692        0x0 /usr/local/Cellar/avr-gcc/8.1.0/lib/avr-gcc/8/gcc/avr/8.1.0/avr5/libgcc.a(_mulsi3.o)
 .text.libgcc.fmul
                0x0000000000007692        0x0 /usr/local/Cellar/avr-gcc/8.1.0/lib/avr-gcc/8/gcc/avr/8.1.0/avr5/libgcc.a(_mulsi3.o)
 .text.libgcc.fixed
                0x0000000000007692        0x0 /usr/local/Cellar/avr-gcc/8.1.0/lib/avr-gcc/8/gcc/avr/8.1.0/avr5/libgcc.a(_mulsi3.o)
 .text.libgcc.mul
                0x0000000000007692        0x0 /usr/local/Cellar/avr-gcc/8.1.0/lib/avr-gcc/8/gcc/avr/8.1.0/avr5/libgcc.a(_udivmodqi4.o)
 .text.libgcc.div
                0x0000000000007692       0x18 /usr/local/Cellar/avr-gcc/8.1.0/lib/avr-gcc/8/gcc/avr/8.1.0/avr5/libgcc.a(_udivmodqi4.o)
                0x0000000000007692                __udivmodqi4
 .text.libgcc   0x00000000000076aa        0x0 /usr/local/Cellar/avr-gcc/8.1.0/lib/avr-gcc/8/gcc/avr/8.1.0/avr5/libgcc.a(_udivmodqi4.o)
 .text.libgcc.prologue
                0x00000000000076aa        0x0 /usr/local/Cellar/avr-gcc/8.1.0/lib/avr-gcc/8/gcc/avr/8.1.0/avr5/libgcc.a(_udivmodqi4.o)
 .text.libgcc.builtins
                0x00000000000076aa        0x0 /usr/local/Cellar/avr-gcc/8.1.0/lib/avr-gcc/8/gcc/avr/8.1.0/avr5/libgcc.a(_udivmodqi4.o)
 .text.libgcc.fmul
                0x00000000000076aa        0x0 /usr/local/Cellar/avr-gcc/8.1.0/lib/avr-gcc/8/gcc/avr/8.1.0/avr5/libgcc.a(_udivmodqi4.o)
 .text.libgcc.fixed
                0x00000000000076aa        0x0 /usr/local/Cellar/avr-gcc/8.1.0/lib/avr-gcc/8/gcc/avr/8.1.0/avr5/libgcc.a(_udivmodqi4.o)
 .text.libgcc.mul
                0x00000000000076aa        0x0 /usr/local/Cellar/avr-gcc/8.1.0/lib/avr-gcc/8/gcc/avr/8.1.0/avr5/libgcc.a(_divmodqi4.o)
 .text.libgcc.div
                0x00000000000076aa       0x1c /usr/local/Cellar/avr-gcc/8.1.0/lib/avr-gcc/8/gcc/avr/8.1.0/avr5/libgcc.a(_divmodqi4.o)
                0x00000000000076aa                __divmodqi4
 .text.libgcc   0x00000000000076c6        0x0 /usr/local/Cellar/avr-gcc/8.1.0/lib/avr-gcc/8/gcc/avr/8.1.0/avr5/libgcc.a(_divmodqi4.o)
 .text.libgcc.prologue
                0x00000000000076c6        0x0 /usr/local/Cellar/avr-gcc/8.1.0/lib/avr-gcc/8/gcc/avr/8.1.0/avr5/libgcc.a(_divmodqi4.o)
 .text.libgcc.builtins
                0x00000000000076c6        0x0 /usr/local/Cellar/avr-gcc/8.1.0/lib/avr-gcc/8/gcc/avr/8.1.0/avr5/libgcc.a(_divmodqi4.o)
 .text.libgcc.fmul
                0x00000000000076c6        0x0 /usr/local/Cellar/avr-gcc/8.1.0/lib/avr-gcc/8/gcc/avr/8.1.0/avr5/libgcc.a(_divmodqi4.o)
 .text.libgcc.fixed
                0x00000000000076c6        0x0 /usr/local/Cellar/avr-gcc/8.1.0/lib/avr-gcc/8/gcc/avr/8.1.0/avr5/libgcc.a(_divmodqi4.o)
 .text.libgcc.mul
                0x00000000000076c6        0x0 /usr/local/Cellar/avr-gcc/8.1.0/lib/avr-gcc/8/gcc/avr/8.1.0/avr5/libgcc.a(_udivmodhi4.o)
 .text.libgcc.div
                0x00000000000076c6       0x28 /usr/local/Cellar/avr-gcc/8.1.0/lib/avr-gcc/8/gcc/avr/8.1.0/avr5/libgcc.a(_udivmodhi4.o)
                0x00000000000076c6                __udivmodhi4
 .text.libgcc   0x00000000000076ee        0x0 /usr/local/Cellar/avr-gcc/8.1.0/lib/avr-gcc/8/gcc/avr/8.1.0/avr5/libgcc.a(_udivmodhi4.o)
 .text.libgcc.prologue
                0x00000000000076ee        0x0 /usr/local/Cellar/avr-gcc/8.1.0/lib/avr-gcc/8/gcc/avr/8.1.0/avr5/libgcc.a(_udivmodhi4.o)
 .text.libgcc.builtins
                0x00000000000076ee        0x0 /usr/local/Cellar/avr-gcc/8.1.0/lib/avr-gcc/8/gcc/avr/8.1.0/avr5/libgcc.a(_udivmodhi4.o)
 .text.libgcc.fmul
                0x00000000000076ee        0x0 /usr/local/Cellar/avr-gcc/8.1.0/lib/avr-gcc/8/gcc/avr/8.1.0/avr5/libgcc.a(_udivmodhi4.o)
 .text.libgcc.fixed
                0x00000000000076ee        0x0 /usr/local/Cellar/avr-gcc/8.1.0/lib/avr-gcc/8/gcc/avr/8.1.0/avr5/libgcc.a(_udivmodhi4.o)
 .text.libgcc.mul
                0x00000000000076ee        0x0 /usr/local/Cellar/avr-gcc/8.1.0/lib/avr-gcc/8/gcc/avr/8.1.0/avr5/libgcc.a(_divmodhi4.o)
 .text.libgcc.div
                0x00000000000076ee       0x28 /usr/local/Cellar/avr-gcc/8.1.0/lib/avr-gcc/8/gcc/avr/8.1.0/avr5/libgcc.a(_divmodhi4.o)
                0x00000000000076ee                __divmodhi4
                0x00000000000076ee                _div
 .text.libgcc   0x0000000000007716        0x0 /usr/local/Cellar/avr-gcc/8.1.0/lib/avr-gcc/8/gcc/avr/8.1.0/avr5/libgcc.a(_divmodhi4.o)
 .text.libgcc.prologue
                0x0000000000007716        0x0 /usr/local/Cellar/avr-gcc/8.1.0/lib/avr-gcc/8/gcc/avr/8.1.0/avr5/libgcc.a(_divmodhi4.o)
 .text.libgcc.builtins
                0x0000000000007716        0x0 /usr/local/Cellar/avr-gcc/8.1.0/lib/avr-gcc/8/gcc/avr/8.1.0/avr5/libgcc.a(_divmodhi4.o)
 .text.libgcc.fmul
                0x0000000000007716        0x0 /usr/local/Cellar/avr-gcc/8.1.0/lib/avr-gcc/8/gcc/avr/8.1.0/avr5/libgcc.a(_divmodhi4.o)
 .text.libgcc.fixed
                0x0000000000007716        0x0 /usr/local/Cellar/avr-gcc/8.1.0/lib/avr-gcc/8/gcc/avr/8.1.0/avr5/libgcc.a(_divmodhi4.o)
 .text.libgcc.mul
                0x0000000000007716        0x0 /usr/local/Cellar/avr-gcc/8.1.0/lib/avr-gcc/8/gcc/avr/8.1.0/avr5/libgcc.a(_udivmodsi4.o)
 .text.libgcc.div
                0x0000000000007716       0x44 /usr/local/Cellar/avr-gcc/8.1.0/lib/avr-gcc/8/gcc/avr/8.1.0/avr5/libgcc.a(_udivmodsi4.o)
                0x0000000000007716                __udivmodsi4
 .text.libgcc   0x000000000000775a        0x0 /usr/local/Cellar/avr-gcc/8.1.0/lib/avr-gcc/8/gcc/avr/8.1.0/avr5/libgcc.a(_udivmodsi4.o)
 .text.libgcc.prologue
                0x000000000000775a        0x0 /usr/local/Cellar/avr-gcc/8.1.0/lib/avr-gcc/8/gcc/avr/8.1.0/avr5/libgcc.a(_udivmodsi4.o)
 .text.libgcc.builtins
                0x000000000000775a        0x0 /usr/local/Cellar/avr-gcc/8.1.0/lib/avr-gcc/8/gcc/avr/8.1.0/avr5/libgcc.a(_udivmodsi4.o)
 .text.libgcc.fmul
                0x000000000000775a        0x0 /usr/local/Cellar/avr-gcc/8.1.0/lib/avr-gcc/8/gcc/avr/8.1.0/avr5/libgcc.a(_udivmodsi4.o)
 .text.libgcc.fixed
                0x000000000000775a        0x0 /usr/local/Cellar/avr-gcc/8.1.0/lib/avr-gcc/8/gcc/avr/8.1.0/avr5/libgcc.a(_udivmodsi4.o)
 .text.libgcc.mul
                0x000000000000775a        0x0 /usr/local/Cellar/avr-gcc/8.1.0/lib/avr-gcc/8/gcc/avr/8.1.0/avr5/libgcc.a(_divmodsi4.o)
 .text.libgcc.div
                0x000000000000775a       0x2e /usr/local/Cellar/avr-gcc/8.1.0/lib/avr-gcc/8/gcc/avr/8.1.0/avr5/libgcc.a(_divmodsi4.o)
                0x000000000000775a                __divmodsi4
 .text.libgcc   0x0000000000007788        0x0 /usr/local/Cellar/avr-gcc/8.1.0/lib/avr-gcc/8/gcc/avr/8.1.0/avr5/libgcc.a(_divmodsi4.o)
 .text.libgcc.prologue
                0x0000000000007788        0x0 /usr/local/Cellar/avr-gcc/8.1.0/lib/avr-gcc/8/gcc/avr/8.1.0/avr5/libgcc.a(_divmodsi4.o)
 .text.libgcc.builtins
                0x0000000000007788        0x0 /usr/local/Cellar/avr-gcc/8.1.0/lib/avr-gcc/8/gcc/avr/8.1.0/avr5/libgcc.a(_divmodsi4.o)
 .text.libgcc.fmul
                0x0000000000007788        0x0 /usr/local/Cellar/avr-gcc/8.1.0/lib/avr-gcc/8/gcc/avr/8.1.0/avr5/libgcc.a(_divmodsi4.o)
 .text.libgcc.fixed
                0x0000000000007788        0x0 /usr/local/Cellar/avr-gcc/8.1.0/lib/avr-gcc/8/gcc/avr/8.1.0/avr5/libgcc.a(_divmodsi4.o)
 .text.libgcc.mul
                0x0000000000007788        0x0 /usr/local/Cellar/avr-gcc/8.1.0/lib/avr-gcc/8/gcc/avr/8.1.0/avr5/libgcc.a(_negsi2.o)
 .text.libgcc.div
                0x0000000000007788       0x10 /usr/local/Cellar/avr-gcc/8.1.0/lib/avr-gcc/8/gcc/avr/8.1.0/avr5/libgcc.a(_negsi2.o)
                0x0000000000007788                __negsi2
 .text.libgcc   0x0000000000007798        0x0 /usr/local/Cellar/avr-gcc/8.1.0/lib/avr-gcc/8/gcc/avr/8.1.0/avr5/libgcc.a(_negsi2.o)
 .text.libgcc.prologue
                0x0000000000007798        0x0 /usr/local/Cellar/avr-gcc/8.1.0/lib/avr-gcc/8/gcc/avr/8.1.0/avr5/libgcc.a(_negsi2.o)
 .text.libgcc.builtins
                0x0000000000007798        0x0 /usr/local/Cellar/avr-gcc/8.1.0/lib/avr-gcc/8/gcc/avr/8.1.0/avr5/libgcc.a(_negsi2.o)
 .text.libgcc.fmul
                0x0000000000007798        0x0 /usr/local/Cellar/avr-gcc/8.1.0/lib/avr-gcc/8/gcc/avr/8.1.0/avr5/libgcc.a(_negsi2.o)
 .text.libgcc.fixed
                0x0000000000007798        0x0 /usr/local/Cellar/avr-gcc/8.1.0/lib/avr-gcc/8/gcc/avr/8.1.0/avr5/libgcc.a(_negsi2.o)
 .text.libgcc.mul
                0x0000000000007798        0x0 /usr/local/Cellar/avr-gcc/8.1.0/lib/avr-gcc/8/gcc/avr/8.1.0/avr5/libgcc.a(_exit.o)
 .text.libgcc.div
                0x0000000000007798        0x0 /usr/local/Cellar/avr-gcc/8.1.0/lib/avr-gcc/8/gcc/avr/8.1.0/avr5/libgcc.a(_exit.o)
 .text.libgcc   0x0000000000007798        0x0 /usr/local/Cellar/avr-gcc/8.1.0/lib/avr-gcc/8/gcc/avr/8.1.0/avr5/libgcc.a(_exit.o)
 .text.libgcc.prologue
                0x0000000000007798        0x0 /usr/local/Cellar/avr-gcc/8.1.0/lib/avr-gcc/8/gcc/avr/8.1.0/avr5/libgcc.a(_exit.o)
 .text.libgcc.builtins
                0x0000000000007798        0x0 /usr/local/Cellar/avr-gcc/8.1.0/lib/avr-gcc/8/gcc/avr/8.1.0/avr5/libgcc.a(_exit.o)
 .text.libgcc.fmul
                0x0000000000007798        0x0 /usr/local/Cellar/avr-gcc/8.1.0/lib/avr-gcc/8/gcc/avr/8.1.0/avr5/libgcc.a(_exit.o)
 .text.libgcc.fixed
                0x0000000000007798        0x0 /usr/local/Cellar/avr-gcc/8.1.0/lib/avr-gcc/8/gcc/avr/8.1.0/avr5/libgcc.a(_exit.o)
 .text.libgcc.mul
                0x0000000000007798        0x0 /usr/local/Cellar/avr-gcc/8.1.0/lib/avr-gcc/8/gcc/avr/8.1.0/avr5/libgcc.a(_tablejump2.o)
 .text.libgcc.div
                0x0000000000007798        0x0 /usr/local/Cellar/avr-gcc/8.1.0/lib/avr-gcc/8/gcc/avr/8.1.0/avr5/libgcc.a(_tablejump2.o)
 .text.libgcc   0x0000000000007798        0xc /usr/local/Cellar/avr-gcc/8.1.0/lib/avr-gcc/8/gcc/avr/8.1.0/avr5/libgcc.a(_tablejump2.o)
                0x0000000000007798                __tablejump2__
 .text.libgcc.prologue
                0x00000000000077a4        0x0 /usr/local/Cellar/avr-gcc/8.1.0/lib/avr-gcc/8/gcc/avr/8.1.0/avr5/libgcc.a(_tablejump2.o)
 .text.libgcc.builtins
                0x00000000000077a4        0x0 /usr/local/Cellar/avr-gcc/8.1.0/lib/avr-gcc/8/gcc/avr/8.1.0/avr5/libgcc.a(_tablejump2.o)
 .text.libgcc.fmul
                0x00000000000077a4        0x0 /usr/local/Cellar/avr-gcc/8.1.0/lib/avr-gcc/8/gcc/avr/8.1.0/avr5/libgcc.a(_tablejump2.o)
 .text.libgcc.fixed
                0x00000000000077a4        0x0 /usr/local/Cellar/avr-gcc/8.1.0/lib/avr-gcc/8/gcc/avr/8.1.0/avr5/libgcc.a(_tablejump2.o)
 .text.libgcc.mul
                0x00000000000077a4        0x0 /usr/local/Cellar/avr-gcc/8.1.0/lib/avr-gcc/8/gcc/avr/8.1.0/avr5/libgcc.a(_copy_data.o)
 .text.libgcc.div
                0x00000000000077a4        0x0 /usr/local/Cellar/avr-gcc/8.1.0/lib/avr-gcc/8/gcc/avr/8.1.0/avr5/libgcc.a(_copy_data.o)
 .text.libgcc   0x00000000000077a4        0x0 /usr/local/Cellar/avr-gcc/8.1.0/lib/avr-gcc/8/gcc/avr/8.1.0/avr5/libgcc.a(_copy_data.o)
 .text.libgcc.prologue
                0x00000000000077a4        0x0 /usr/local/Cellar/avr-gcc/8.1.0/lib/avr-gcc/8/gcc/avr/8.1.0/avr5/libgcc.a(_copy_data.o)
 .text.libgcc.builtins
                0x00000000000077a4        0x0 /usr/local/Cellar/avr-gcc/8.1.0/lib/avr-gcc/8/gcc/avr/8.1.0/avr5/libgcc.a(_copy_data.o)
 .text.libgcc.fmul
                0x00000000000077a4        0x0 /usr/local/Cellar/avr-gcc/8.1.0/lib/avr-gcc/8/gcc/avr/8.1.0/avr5/libgcc.a(_copy_data.o)
 .text.libgcc.fixed
                0x00000000000077a4        0x0 /usr/local/Cellar/avr-gcc/8.1.0/lib/avr-gcc/8/gcc/avr/8.1.0/avr5/libgcc.a(_copy_data.o)
 .text.libgcc.mul
                0x00000000000077a4        0x0 /usr/local/Cellar/avr-gcc/8.1.0/lib/avr-gcc/8/gcc/avr/8.1.0/avr5/libgcc.a(_clear_bss.o)
 .text.libgcc.div
                0x00000000000077a4        0x0 /usr/local/Cellar/avr-gcc/8.1.0/lib/avr-gcc/8/gcc/avr/8.1.0/avr5/libgcc.a(_clear_bss.o)
 .text.libgcc   0x00000000000077a4        0x0 /usr/local/Cellar/avr-gcc/8.1.0/lib/avr-gcc/8/gcc/avr/8.1.0/avr5/libgcc.a(_clear_bss.o)
 .text.libgcc.prologue
                0x00000000000077a4        0x0 /usr/local/Cellar/avr-gcc/8.1.0/lib/avr-gcc/8/gcc/avr/8.1.0/avr5/libgcc.a(_clear_bss.o)
 .text.libgcc.builtins
                0x00000000000077a4        0x0 /usr/local/Cellar/avr-gcc/8.1.0/lib/avr-gcc/8/gcc/avr/8.1.0/avr5/libgcc.a(_clear_bss.o)
 .text.libgcc.fmul
                0x00000000000077a4        0x0 /usr/local/Cellar/avr-gcc/8.1.0/lib/avr-gcc/8/gcc/avr/8.1.0/avr5/libgcc.a(_clear_bss.o)
 .text.libgcc.fixed
                0x00000000000077a4        0x0 /usr/local/Cellar/avr-gcc/8.1.0/lib/avr-gcc/8/gcc/avr/8.1.0/avr5/libgcc.a(_clear_bss.o)
 .text.libgcc.mul
                0x00000000000077a4       0x1e /usr/local/Cellar/avr-gcc/8.1.0/lib/avr-gcc/8/gcc/avr/8.1.0/avr5/libgcc.a(_umulhisi3.o)
                0x00000000000077a4                __umulhisi3
 .text.libgcc.div
                0x00000000000077c2        0x0 /usr/local/Cellar/avr-gcc/8.1.0/lib/avr-gcc/8/gcc/avr/8.1.0/avr5/libgcc.a(_umulhisi3.o)
 .text.libgcc   0x00000000000077c2        0x0 /usr/local/Cellar/avr-gcc/8.1.0/lib/avr-gcc/8/gcc/avr/8.1.0/avr5/libgcc.a(_umulhisi3.o)
 .text.libgcc.prologue
                0x00000000000077c2        0x0 /usr/local/Cellar/avr-gcc/8.1.0/lib/avr-gcc/8/gcc/avr/8.1.0/avr5/libgcc.a(_umulhisi3.o)
 .text.libgcc.builtins
                0x00000000000077c2        0x0 /usr/local/Cellar/avr-gcc/8.1.0/lib/avr-gcc/8/gcc/avr/8.1.0/avr5/libgcc.a(_umulhisi3.o)
 .text.libgcc.fmul
                0x00000000000077c2        0x0 /usr/local/Cellar/avr-gcc/8.1.0/lib/avr-gcc/8/gcc/avr/8.1.0/avr5/libgcc.a(_umulhisi3.o)
 .text.libgcc.fixed
                0x00000000000077c2        0x0 /usr/local/Cellar/avr-gcc/8.1.0/lib/avr-gcc/8/gcc/avr/8.1.0/avr5/libgcc.a(_umulhisi3.o)
 .text.libgcc.mul
                0x00000000000077c2        0xe /usr/local/Cellar/avr-gcc/8.1.0/lib/avr-gcc/8/gcc/avr/8.1.0/avr5/libgcc.a(_usmulhisi3.o)
                0x00000000000077c2                __usmulhisi3
                0x00000000000077c6                __usmulhisi3_tail
 .text.libgcc.div
                0x00000000000077d0        0x0 /usr/local/Cellar/avr-gcc/8.1.0/lib/avr-gcc/8/gcc/avr/8.1.0/avr5/libgcc.a(_usmulhisi3.o)
 .text.libgcc   0x00000000000077d0        0x0 /usr/local/Cellar/avr-gcc/8.1.0/lib/avr-gcc/8/gcc/avr/8.1.0/avr5/libgcc.a(_usmulhisi3.o)
 .text.libgcc.prologue
                0x00000000000077d0        0x0 /usr/local/Cellar/avr-gcc/8.1.0/lib/avr-gcc/8/gcc/avr/8.1.0/avr5/libgcc.a(_usmulhisi3.o)
 .text.libgcc.builtins
                0x00000000000077d0        0x0 /usr/local/Cellar/avr-gcc/8.1.0/lib/avr-gcc/8/gcc/avr/8.1.0/avr5/libgcc.a(_usmulhisi3.o)
 .text.libgcc.fmul
                0x00000000000077d0        0x0 /usr/local/Cellar/avr-gcc/8.1.0/lib/avr-gcc/8/gcc/avr/8.1.0/avr5/libgcc.a(_usmulhisi3.o)
 .text.libgcc.fixed
                0x00000000000077d0        0x0 /usr/local/Cellar/avr-gcc/8.1.0/lib/avr-gcc/8/gcc/avr/8.1.0/avr5/libgcc.a(_usmulhisi3.o)
 .text.libgcc.mul
                0x00000000000077d0       0x16 /usr/local/Cellar/avr-gcc/8.1.0/lib/avr-gcc/8/gcc/avr/8.1.0/avr5/libgcc.a(_muluhisi3.o)
                0x00000000000077d0                __muluhisi3
 .text.libgcc.div
                0x00000000000077e6        0x0 /usr/local/Cellar/avr-gcc/8.1.0/lib/avr-gcc/8/gcc/avr/8.1.0/avr5/libgcc.a(_muluhisi3.o)
 .text.libgcc   0x00000000000077e6        0x0 /usr/local/Cellar/avr-gcc/8.1.0/lib/avr-gcc/8/gcc/avr/8.1.0/avr5/libgcc.a(_muluhisi3.o)
 .text.libgcc.prologue
                0x00000000000077e6        0x0 /usr/local/Cellar/avr-gcc/8.1.0/lib/avr-gcc/8/gcc/avr/8.1.0/avr5/libgcc.a(_muluhisi3.o)
 .text.libgcc.builtins
                0x00000000000077e6        0x0 /usr/local/Cellar/avr-gcc/8.1.0/lib/avr-gcc/8/gcc/avr/8.1.0/avr5/libgcc.a(_muluhisi3.o)
 .text.libgcc.fmul
                0x00000000000077e6        0x0 /usr/local/Cellar/avr-gcc/8.1.0/lib/avr-gcc/8/gcc/avr/8.1.0/avr5/libgcc.a(_muluhisi3.o)
 .text.libgcc.fixed
                0x00000000000077e6        0x0 /usr/local/Cellar/avr-gcc/8.1.0/lib/avr-gcc/8/gcc/avr/8.1.0/avr5/libgcc.a(_muluhisi3.o)
 .text.libgcc.mul
                0x00000000000077e6        0x0 /usr/local/Cellar/avr-gcc/8.1.0/lib/avr-gcc/8/gcc/avr/8.1.0/avr5/libgcc.a(_prologue.o)
 .text.libgcc.div
                0x00000000000077e6        0x0 /usr/local/Cellar/avr-gcc/8.1.0/lib/avr-gcc/8/gcc/avr/8.1.0/avr5/libgcc.a(_prologue.o)
 .text.libgcc   0x00000000000077e6        0x0 /usr/local/Cellar/avr-gcc/8.1.0/lib/avr-gcc/8/gcc/avr/8.1.0/avr5/libgcc.a(_prologue.o)
 .text.libgcc.prologue
                0x00000000000077e6       0x38 /usr/local/Cellar/avr-gcc/8.1.0/lib/avr-gcc/8/gcc/avr/8.1.0/avr5/libgcc.a(_prologue.o)
                0x00000000000077e6                __prologue_saves__
 .text.libgcc.builtins
                0x000000000000781e        0x0 /usr/local/Cellar/avr-gcc/8.1.0/lib/avr-gcc/8/gcc/avr/8.1.0/avr5/libgcc.a(_prologue.o)
 .text.libgcc.fmul
                0x000000000000781e        0x0 /usr/local/Cellar/avr-gcc/8.1.0/lib/avr-gcc/8/gcc/avr/8.1.0/avr5/libgcc.a(_prologue.o)
 .text.libgcc.fixed
                0x000000000000781e        0x0 /usr/local/Cellar/avr-gcc/8.1.0/lib/avr-gcc/8/gcc/avr/8.1.0/avr5/libgcc.a(_prologue.o)
 .text.libgcc.mul
                0x000000000000781e        0x0 /usr/local/Cellar/avr-gcc/8.1.0/lib/avr-gcc/8/gcc/avr/8.1.0/avr5/libgcc.a(_epilogue.o)
 .text.libgcc.div
                0x000000000000781e        0x0 /usr/local/Cellar/avr-gcc/8.1.0/lib/avr-gcc/8/gcc/avr/8.1.0/avr5/libgcc.a(_epilogue.o)
 .text.libgcc   0x000000000000781e        0x0 /usr/local/Cellar/avr-gcc/8.1.0/lib/avr-gcc/8/gcc/avr/8.1.0/avr5/libgcc.a(_epilogue.o)
 .text.libgcc.prologue
                0x000000000000781e       0x36 /usr/local/Cellar/avr-gcc/8.1.0/lib/avr-gcc/8/gcc/avr/8.1.0/avr5/libgcc.a(_epilogue.o)
                0x000000000000781e                __epilogue_restores__
 .text.libgcc.builtins
                0x0000000000007854        0x0 /usr/local/Cellar/avr-gcc/8.1.0/lib/avr-gcc/8/gcc/avr/8.1.0/avr5/libgcc.a(_epilogue.o)
 .text.libgcc.fmul
                0x0000000000007854        0x0 /usr/local/Cellar/avr-gcc/8.1.0/lib/avr-gcc/8/gcc/avr/8.1.0/avr5/libgcc.a(_epilogue.o)
 .text.libgcc.fixed
                0x0000000000007854        0x0 /usr/local/Cellar/avr-gcc/8.1.0/lib/avr-gcc/8/gcc/avr/8.1.0/avr5/libgcc.a(_epilogue.o)
 .text.avr-libc
                0x0000000000007854       0x44 /usr/local/Cellar/avr-gcc/8.1.0/lib/avr-gcc/8/gcc/avr/8.1.0/../../../../../../avr/lib/avr5/libc.a(ultoa_ncheck.o)
                0x0000000000007854                __ultoa_ncheck
                0x0000000000007856                __ultoa_common
 .text.avr-libc
                0x0000000000007898       0x34 /usr/local/Cellar/avr-gcc/8.1.0/lib/avr-gcc/8/gcc/avr/8.1.0/../../../../../../avr/lib/avr5/libc.a(utoa_ncheck.o)
                0x0000000000007898                __utoa_ncheck
                0x000000000000789a                __utoa_common
 .text.avr-libc
                0x00000000000078cc       0x20 /usr/local/Cellar/avr-gcc/8.1.0/lib/avr-gcc/8/gcc/avr/8.1.0/../../../../../../avr/lib/avr5/libc.a(strrev.o)
                0x00000000000078cc                strrev
 .text.avr-libc
                0x00000000000078ec       0x10 /usr/local/Cellar/avr-gcc/8.1.0/lib/avr-gcc/8/gcc/avr/8.1.0/../../../../../../avr/lib/avr5/libatmega328.a(eerd_byte.o)
                0x00000000000078ec                eeprom_read_byte
 .text.avr-libc
                0x00000000000078fc        0xc /usr/local/Cellar/avr-gcc/8.1.0/lib/avr-gcc/8/gcc/avr/8.1.0/../../../../../../avr/lib/avr5/libatmega328.a(eerd_word.o)
                0x00000000000078fc                eeprom_read_word
 .text.avr-libc
                0x0000000000007908       0x1c /usr/local/Cellar/avr-gcc/8.1.0/lib/avr-gcc/8/gcc/avr/8.1.0/../../../../../../avr/lib/avr5/libatmega328.a(eewr_byte.o)
                0x0000000000007908                eeprom_write_byte
                0x000000000000790a                eeprom_write_r18
 .text.avr-libc
                0x0000000000007924       0x20 /usr/local/Cellar/avr-gcc/8.1.0/lib/avr-gcc/8/gcc/avr/8.1.0/../../../../../../avr/lib/avr5/libatmega328.a(eerd_block.o)
                0x0000000000007924                eeprom_read_block
                0x0000000000007928                eeprom_read_blraw
                0x0000000000007944                . = ALIGN (0x2)
 *(.fini9)
 .fini9         0x0000000000007944        0x0 /usr/local/Cellar/avr-gcc/8.1.0/lib/avr-gcc/8/gcc/avr/8.1.0/avr5/libgcc.a(_exit.o)
                0x0000000000007944                exit
                0x0000000000007944                _exit
 *(.fini9)
 *(.fini8)
 *(.fini8)
 *(.fini7)
 *(.fini7)
 *(.fini6)
 *(.fini6)
 *(.fini5)
 *(.fini5)
 *(.fini4)
 *(.fini4)
 *(.fini3)
 *(.fini3)
 *(.fini2)
 *(.fini2)
 *(.fini1)
 *(.fini1)
 *(.fini0)
 .fini0         0x0000000000007944        0x4 /usr/local/Cellar/avr-gcc/8.1.0/lib/avr-gcc/8/gcc/avr/8.1.0/avr5/libgcc.a(_exit.o)
 *(.fini0)
 *(.hightext)
 *(.hightext*)
 *(.progmemx.*)
                0x0000000000007948                . = ALIGN (0x2)
 *(.jumptables)
 *(.jumptables*)
 .jumptables.gcc.MainMenu
                0x0000000000007948       0x1c user.o
                0x0000000000007964                _etext = .

.data           0x0000000000800100        0x6 load address 0x0000000000007964
                0x0000000000800100                PROVIDE (__data_start = .)
 *(.data)
 .data          0x0000000000800100        0x0 /usr/local/Cellar/avr-gcc/8.1.0/lib/avr-gcc/8/gcc/avr/8.1.0/../../../../../../avr/lib/avr5/crtatmega328.o
 .data          0x0000000000800100        0x6 main.o
                0x0000000000800100                ProbeColors
 .data          0x0000000000800106        0x0 user.o
 .data          0x0000000000800106        0x0 pause.o
 .data          0x0000000000800106        0x0 adjust.o
 .data          0x0000000000800106        0x0 ADC.o
 .data          0x0000000000800106        0x0 probes.o
 .data          0x0000000000800106        0x0 resistor.o
 .data          0x0000000000800106        0x0 cap.o
 .data          0x0000000000800106        0x0 semi.o
 .data          0x0000000000800106        0x0 inductor.o
 .data          0x0000000000800106        0x0 tools.o
 .data          0x0000000000800106        0x0 IR.o
 .data          0x0000000000800106        0x0 display.o
 .data          0x0000000000800106        0x0 SPI.o
 .data          0x0000000000800106        0x0 I2C.o
 .data          0x0000000000800106        0x0 serial.o
 .data          0x0000000000800106        0x0 commands.o
 .data          0x0000000000800106        0x0 HD44780.o
 .data          0x0000000000800106        0x0 ST7565R.o
 .data          0x0000000000800106        0x0 ILI9341.o
 .data          0x0000000000800106        0x0 PCD8544.o
 .data          0x0000000000800106        0x0 ST7735.o
 .data          0x0000000000800106        0x0 ST7920.o
 .data          0x0000000000800106        0x0 SSD1306.o
 .data          0x0000000000800106        0x0 ILI9163.o
 .data          0x0000000000800106        0x0 ADS7843.o
 .data          0x0000000000800106        0x0 wait.o
 .data          0x0000000000800106        0x0 /usr/local/Cellar/avr-gcc/8.1.0/lib/avr-gcc/8/gcc/avr/8.1.0/avr5/libgcc.a(_mulsi3.o)
 .data          0x0000000000800106        0x0 /usr/local/Cellar/avr-gcc/8.1.0/lib/avr-gcc/8/gcc/avr/8.1.0/avr5/libgcc.a(_udivmodqi4.o)
 .data          0x0000000000800106        0x0 /usr/local/Cellar/avr-gcc/8.1.0/lib/avr-gcc/8/gcc/avr/8.1.0/avr5/libgcc.a(_divmodqi4.o)
 .data          0x0000000000800106        0x0 /usr/local/Cellar/avr-gcc/8.1.0/lib/avr-gcc/8/gcc/avr/8.1.0/avr5/libgcc.a(_udivmodhi4.o)
 .data          0x0000000000800106        0x0 /usr/local/Cellar/avr-gcc/8.1.0/lib/avr-gcc/8/gcc/avr/8.1.0/avr5/libgcc.a(_divmodhi4.o)
 .data          0x0000000000800106        0x0 /usr/local/Cellar/avr-gcc/8.1.0/lib/avr-gcc/8/gcc/avr/8.1.0/avr5/libgcc.a(_udivmodsi4.o)
 .data          0x0000000000800106        0x0 /usr/local/Cellar/avr-gcc/8.1.0/lib/avr-gcc/8/gcc/avr/8.1.0/avr5/libgcc.a(_divmodsi4.o)
 .data          0x0000000000800106        0x0 /usr/local/Cellar/avr-gcc/8.1.0/lib/avr-gcc/8/gcc/avr/8.1.0/avr5/libgcc.a(_negsi2.o)
 .data          0x0000000000800106        0x0 /usr/local/Cellar/avr-gcc/8.1.0/lib/avr-gcc/8/gcc/avr/8.1.0/avr5/libgcc.a(_exit.o)
 .data          0x0000000000800106        0x0 /usr/local/Cellar/avr-gcc/8.1.0/lib/avr-gcc/8/gcc/avr/8.1.0/avr5/libgcc.a(_tablejump2.o)
 .data          0x0000000000800106        0x0 /usr/local/Cellar/avr-gcc/8.1.0/lib/avr-gcc/8/gcc/avr/8.1.0/avr5/libgcc.a(_copy_data.o)
 .data          0x0000000000800106        0x0 /usr/local/Cellar/avr-gcc/8.1.0/lib/avr-gcc/8/gcc/avr/8.1.0/avr5/libgcc.a(_clear_bss.o)
 .data          0x0000000000800106        0x0 /usr/local/Cellar/avr-gcc/8.1.0/lib/avr-gcc/8/gcc/avr/8.1.0/avr5/libgcc.a(_umulhisi3.o)
 .data          0x0000000000800106        0x0 /usr/local/Cellar/avr-gcc/8.1.0/lib/avr-gcc/8/gcc/avr/8.1.0/avr5/libgcc.a(_usmulhisi3.o)
 .data          0x0000000000800106        0x0 /usr/local/Cellar/avr-gcc/8.1.0/lib/avr-gcc/8/gcc/avr/8.1.0/avr5/libgcc.a(_muluhisi3.o)
 .data          0x0000000000800106        0x0 /usr/local/Cellar/avr-gcc/8.1.0/lib/avr-gcc/8/gcc/avr/8.1.0/avr5/libgcc.a(_prologue.o)
 .data          0x0000000000800106        0x0 /usr/local/Cellar/avr-gcc/8.1.0/lib/avr-gcc/8/gcc/avr/8.1.0/avr5/libgcc.a(_epilogue.o)
 .data          0x0000000000800106        0x0 /usr/local/Cellar/avr-gcc/8.1.0/lib/avr-gcc/8/gcc/avr/8.1.0/../../../../../../avr/lib/avr5/libc.a(ultoa_ncheck.o)
 .data          0x0000000000800106        0x0 /usr/local/Cellar/avr-gcc/8.1.0/lib/avr-gcc/8/gcc/avr/8.1.0/../../../../../../avr/lib/avr5/libc.a(utoa_ncheck.o)
 .data          0x0000000000800106        0x0 /usr/local/Cellar/avr-gcc/8.1.0/lib/avr-gcc/8/gcc/avr/8.1.0/../../../../../../avr/lib/avr5/libc.a(strrev.o)
 .data          0x0000000000800106        0x0 /usr/local/Cellar/avr-gcc/8.1.0/lib/avr-gcc/8/gcc/avr/8.1.0/../../../../../../avr/lib/avr5/libatmega328.a(eerd_byte.o)
 .data          0x0000000000800106        0x0 /usr/local/Cellar/avr-gcc/8.1.0/lib/avr-gcc/8/gcc/avr/8.1.0/../../../../../../avr/lib/avr5/libatmega328.a(eerd_word.o)
 .data          0x0000000000800106        0x0 /usr/local/Cellar/avr-gcc/8.1.0/lib/avr-gcc/8/gcc/avr/8.1.0/../../../../../../avr/lib/avr5/libatmega328.a(eewr_byte.o)
 .data          0x0000000000800106        0x0 /usr/local/Cellar/avr-gcc/8.1.0/lib/avr-gcc/8/gcc/avr/8.1.0/../../../../../../avr/lib/avr5/libatmega328.a(eerd_block.o)
 *(.data*)
 *(.gnu.linkonce.d*)
 *(.rodata)
 *(.rodata*)
 *(.gnu.linkonce.r*)
                0x0000000000800106                . = ALIGN (0x2)
                0x0000000000800106                _edata = .
                0x0000000000800106                PROVIDE (__data_end = .)

.bss            0x0000000000800106       0xef
                0x0000000000800106                PROVIDE (__bss_start = .)
 *(.bss)
 .bss           0x0000000000800106        0x0 /usr/local/Cellar/avr-gcc/8.1.0/lib/avr-gcc/8/gcc/avr/8.1.0/../../../../../../avr/lib/avr5/crtatmega328.o
 .bss           0x0000000000800106        0x0 main.o
 .bss           0x0000000000800106        0x0 user.o
 .bss           0x0000000000800106        0x0 pause.o
 .bss           0x0000000000800106        0x0 adjust.o
 .bss           0x0000000000800106        0x0 ADC.o
 .bss           0x0000000000800106        0x0 probes.o
 .bss           0x0000000000800106        0x0 resistor.o
 .bss           0x0000000000800106        0x0 cap.o
 .bss           0x0000000000800106        0x0 semi.o
 .bss           0x0000000000800106        0x0 inductor.o
 .bss           0x0000000000800106        0x0 tools.o
 .bss           0x0000000000800106        0x1 IR.o
                0x0000000000800106                IR_State
 .bss           0x0000000000800107        0x0 display.o
 .bss           0x0000000000800107        0x0 SPI.o
 .bss           0x0000000000800107        0x0 I2C.o
 .bss           0x0000000000800107        0x0 serial.o
 .bss           0x0000000000800107        0x0 commands.o
 .bss           0x0000000000800107        0x0 HD44780.o
 .bss           0x0000000000800107        0x0 ST7565R.o
 .bss           0x0000000000800107        0x0 ILI9341.o
 .bss           0x0000000000800107        0x0 PCD8544.o
 .bss           0x0000000000800107        0x0 ST7735.o
 .bss           0x0000000000800107        0x0 ST7920.o
 .bss           0x0000000000800107        0x0 SSD1306.o
 .bss           0x0000000000800107        0x0 ILI9163.o
 .bss           0x0000000000800107        0x0 ADS7843.o
 .bss           0x0000000000800107        0x0 wait.o
 .bss           0x0000000000800107        0x0 /usr/local/Cellar/avr-gcc/8.1.0/lib/avr-gcc/8/gcc/avr/8.1.0/avr5/libgcc.a(_mulsi3.o)
 .bss           0x0000000000800107        0x0 /usr/local/Cellar/avr-gcc/8.1.0/lib/avr-gcc/8/gcc/avr/8.1.0/avr5/libgcc.a(_udivmodqi4.o)
 .bss           0x0000000000800107        0x0 /usr/local/Cellar/avr-gcc/8.1.0/lib/avr-gcc/8/gcc/avr/8.1.0/avr5/libgcc.a(_divmodqi4.o)
 .bss           0x0000000000800107        0x0 /usr/local/Cellar/avr-gcc/8.1.0/lib/avr-gcc/8/gcc/avr/8.1.0/avr5/libgcc.a(_udivmodhi4.o)
 .bss           0x0000000000800107        0x0 /usr/local/Cellar/avr-gcc/8.1.0/lib/avr-gcc/8/gcc/avr/8.1.0/avr5/libgcc.a(_divmodhi4.o)
 .bss           0x0000000000800107        0x0 /usr/local/Cellar/avr-gcc/8.1.0/lib/avr-gcc/8/gcc/avr/8.1.0/avr5/libgcc.a(_udivmodsi4.o)
 .bss           0x0000000000800107        0x0 /usr/local/Cellar/avr-gcc/8.1.0/lib/avr-gcc/8/gcc/avr/8.1.0/avr5/libgcc.a(_divmodsi4.o)
 .bss           0x0000000000800107        0x0 /usr/local/Cellar/avr-gcc/8.1.0/lib/avr-gcc/8/gcc/avr/8.1.0/avr5/libgcc.a(_negsi2.o)
 .bss           0x0000000000800107        0x0 /usr/local/Cellar/avr-gcc/8.1.0/lib/avr-gcc/8/gcc/avr/8.1.0/avr5/libgcc.a(_exit.o)
 .bss           0x0000000000800107        0x0 /usr/local/Cellar/avr-gcc/8.1.0/lib/avr-gcc/8/gcc/avr/8.1.0/avr5/libgcc.a(_tablejump2.o)
 .bss           0x0000000000800107        0x0 /usr/local/Cellar/avr-gcc/8.1.0/lib/avr-gcc/8/gcc/avr/8.1.0/avr5/libgcc.a(_copy_data.o)
 .bss           0x0000000000800107        0x0 /usr/local/Cellar/avr-gcc/8.1.0/lib/avr-gcc/8/gcc/avr/8.1.0/avr5/libgcc.a(_clear_bss.o)
 .bss           0x0000000000800107        0x0 /usr/local/Cellar/avr-gcc/8.1.0/lib/avr-gcc/8/gcc/avr/8.1.0/avr5/libgcc.a(_umulhisi3.o)
 .bss           0x0000000000800107        0x0 /usr/local/Cellar/avr-gcc/8.1.0/lib/avr-gcc/8/gcc/avr/8.1.0/avr5/libgcc.a(_usmulhisi3.o)
 .bss           0x0000000000800107        0x0 /usr/local/Cellar/avr-gcc/8.1.0/lib/avr-gcc/8/gcc/avr/8.1.0/avr5/libgcc.a(_muluhisi3.o)
 .bss           0x0000000000800107        0x0 /usr/local/Cellar/avr-gcc/8.1.0/lib/avr-gcc/8/gcc/avr/8.1.0/avr5/libgcc.a(_prologue.o)
 .bss           0x0000000000800107        0x0 /usr/local/Cellar/avr-gcc/8.1.0/lib/avr-gcc/8/gcc/avr/8.1.0/avr5/libgcc.a(_epilogue.o)
 .bss           0x0000000000800107        0x0 /usr/local/Cellar/avr-gcc/8.1.0/lib/avr-gcc/8/gcc/avr/8.1.0/../../../../../../avr/lib/avr5/libc.a(ultoa_ncheck.o)
 .bss           0x0000000000800107        0x0 /usr/local/Cellar/avr-gcc/8.1.0/lib/avr-gcc/8/gcc/avr/8.1.0/../../../../../../avr/lib/avr5/libc.a(utoa_ncheck.o)
 .bss           0x0000000000800107        0x0 /usr/local/Cellar/avr-gcc/8.1.0/lib/avr-gcc/8/gcc/avr/8.1.0/../../../../../../avr/lib/avr5/libc.a(strrev.o)
 .bss           0x0000000000800107        0x0 /usr/local/Cellar/avr-gcc/8.1.0/lib/avr-gcc/8/gcc/avr/8.1.0/../../../../../../avr/lib/avr5/libatmega328.a(eerd_byte.o)
 .bss           0x0000000000800107        0x0 /usr/local/Cellar/avr-gcc/8.1.0/lib/avr-gcc/8/gcc/avr/8.1.0/../../../../../../avr/lib/avr5/libatmega328.a(eerd_word.o)
 .bss           0x0000000000800107        0x0 /usr/local/Cellar/avr-gcc/8.1.0/lib/avr-gcc/8/gcc/avr/8.1.0/../../../../../../avr/lib/avr5/libatmega328.a(eewr_byte.o)
 .bss           0x0000000000800107        0x0 /usr/local/Cellar/avr-gcc/8.1.0/lib/avr-gcc/8/gcc/avr/8.1.0/../../../../../../avr/lib/avr5/libatmega328.a(eerd_block.o)
 *(.bss*)
 *(COMMON)
 COMMON         0x0000000000800107       0xdb main.o
                0x0000000000800107                Check
                0x0000000000800112                Resistors
                0x0000000000800127                UI
                0x000000000080013b                AltSemi
                0x0000000000800142                OutBuffer
                0x000000000080014e                Caps
                0x000000000080017b                Diodes
                0x000000000080019f                Cfg
                0x00000000008001a9                MissedParts
                0x00000000008001aa                SPI
                0x00000000008001ab                Semi
                0x00000000008001c0                Probes
                0x00000000008001d2                NV
                0x00000000008001dd                Inductor
 COMMON         0x00000000008001e2        0x2 tools.o
                0x00000000008001e2                FreqPulses
 COMMON         0x00000000008001e4        0x7 IR.o
                0x00000000008001e4                IR_Code
                0x00000000008001ea                IR_Data_1
 COMMON         0x00000000008001eb        0xa ST7735.o
                0x00000000008001eb                X_End
                0x00000000008001ed                LineMask
                0x00000000008001ef                Y_End
                0x00000000008001f1                Y_Start
                0x00000000008001f3                X_Start
                0x00000000008001f5                PROVIDE (__bss_end = .)
                0x0000000000007964                __data_load_start = LOADADDR (.data)
                0x000000000000796a                __data_load_end = (__data_load_start + SIZEOF (.data))

.noinit         0x00000000008001f5        0x0
                [!provide]                        PROVIDE (__noinit_start = .)
 *(.noinit*)
                [!provide]                        PROVIDE (__noinit_end = .)
                0x00000000008001f5                _end = .
                [!provide]                        PROVIDE (__heap_start = .)

.eeprom         0x0000000000810000      0x30b
 *(.eeprom*)
 .eeprom        0x0000000000810000      0x30b main.o
                0x0000000000810000                ADC_table
                0x0000000000810003                Pin_table
                0x0000000000810006                Rh_table
                0x0000000000810009                Rl_table
                0x000000000081000c                T1_Bitmask_table
                0x0000000000810011                T1_Prescaler_table
                0x000000000081001b                Inductor_table
                0x000000000081005b                PWM_Freq_table
                0x000000000081006b                SmallCap_table
                0x000000000081007d                LargeCap_table
                0x00000000008100d9                Prefix_table
                0x00000000008100e0                Resistor_str
                0x00000000008100e5                Diode_CA_str
                0x00000000008100e9                Diode_AC_str
                0x00000000008100ed                Cap_str
                0x00000000008100f1                t_off_str
                0x00000000008100f7                t_on_str
                0x00000000008100fc                If_str
                0x00000000008100ff                CTR_str
                0x0000000000810103                IR_Sharp_str
                0x0000000000810109                IR_Samsung_str
                0x000000000081010e                IR_RC6_str
                0x0000000000810113                IR_RC5_str
                0x0000000000810118                IR_Proton_str
                0x000000000081011d                IR_Motorola_str
                0x0000000000810121                IR_Matsushita_str
                0x0000000000810125                IR_Kaseikyo_str
                0x0000000000810129                IR_JVC_str
                0x000000000081012d                IR_SIRC_str
                0x0000000000810132                IR_NEC_str
                0x0000000000810136                Hertz_str
                0x0000000000810139                PWM_str
                0x000000000081013d                ESR_str
                0x0000000000810141                External_str
                0x0000000000810145                OK_str
                0x0000000000810148                Battery_str
                0x000000000081014c                R_DS_str
                0x0000000000810150                I_leak_str
                0x0000000000810154                I_DSS_str
                0x0000000000810159                Profile2_str
                0x000000000081015c                Profile1_str
                0x000000000081015f                CompOffset_str
                0x0000000000810165                Vcc_str
                0x0000000000810169                ROffset_str
                0x000000000081016c                CapOffset_str
                0x000000000081016f                ProbeComb_str
                0x0000000000810178                Rh_str
                0x000000000081017d                Rl_str
                0x0000000000810182                RiHigh_str
                0x0000000000810186                RiLow_str
                0x000000000081018a                RhHigh_str
                0x000000000081018e                RhLow_str
                0x0000000000810192                URef_str
                0x0000000000810197                V_T_str
                0x000000000081019a                I_R_str
                0x000000000081019e                Vth_str
                0x00000000008101a2                DiodeCap_str
                0x00000000008101a4                Vf_str
                0x00000000008101a7                I_CEO_str
                0x00000000008101ac                V_GT_str
                0x00000000008101b1                V_BE_str
                0x00000000008101b5                h_FE_str
                0x00000000008101b9                PNP_str
                0x00000000008101bd                NPN_str
                0x00000000008101c1                Cgs_str
                0x00000000008101c5                IGBT_str
                0x00000000008101ca                Depletion_str
                0x00000000008101cf                Enhancement_str
                0x00000000008101d4                Channel_str
                0x00000000008101d8                FET_str
                0x00000000008101dc                MOS_str
                0x00000000008101e0                Version_str
                0x00000000008101e7                Tester_str
                0x00000000008101f8                None_str
                0x00000000008101fd                Start_str
                0x0000000000810203                OptoCoupler_str
                0x0000000000810210                IR_Detector_str
                0x000000000081021c                FreqCounter_str
                0x000000000081022a                Min_str
                0x000000000081022e                Zener_str
                0x0000000000810234                SquareWave_str
                0x0000000000810240                Low_str
                0x0000000000810244                Weak_str
                0x0000000000810249                Bye_str
                0x000000000081024e                PUT_str
                0x0000000000810252                Triac_str
                0x0000000000810258                Thyristor_str
                0x000000000081025c                BJT_str
                0x0000000000810260                Checksum_str
                0x0000000000810269                Exit_str
                0x000000000081026e                Error_str
                0x0000000000810275                DischargeFailed_str
                0x000000000081027e                ShortCircuit_str
                0x000000000081028d                Create_str
                0x0000000000810294                Remove_str
                0x000000000081029b                Show_str
                0x00000000008102a7                Load_str
                0x00000000008102ac                Save_str
                0x00000000008102b1                Adjustment_str
                0x00000000008102bc                Selftest_str
                0x00000000008102c1                Select_str
                0x00000000008102c8                Done_str
                0x00000000008102ce                Failed2_str
                0x00000000008102d5                Failed1_str
                0x00000000008102e2                Timeout_str
                0x00000000008102ea                Probing_str
                0x00000000008102f5                NV_Adjust_2
                0x0000000000810300                NV_Adjust_1
                0x000000000081030b                __eeprom_end = .

.fuse
 *(.fuse)
 *(.lfuse)
 *(.hfuse)
 *(.efuse)

.lock
 *(.lock*)

.signature
 *(.signature*)

.stab
 *(.stab)

.stabstr
 *(.stabstr)

.stab.excl
 *(.stab.excl)

.stab.exclstr
 *(.stab.exclstr)

.stab.index
 *(.stab.index)

.stab.indexstr
 *(.stab.indexstr)

.comment        0x0000000000000000       0x11
 *(.comment)
 .comment       0x0000000000000000       0x11 main.o
                                         0x12 (size before relaxing)
 .comment       0x0000000000000011       0x12 user.o
 .comment       0x0000000000000011       0x12 pause.o
 .comment       0x0000000000000011       0x12 adjust.o
 .comment       0x0000000000000011       0x12 ADC.o
 .comment       0x0000000000000011       0x12 probes.o
 .comment       0x0000000000000011       0x12 resistor.o
 .comment       0x0000000000000011       0x12 cap.o
 .comment       0x0000000000000011       0x12 semi.o
 .comment       0x0000000000000011       0x12 inductor.o
 .comment       0x0000000000000011       0x12 tools.o
 .comment       0x0000000000000011       0x12 IR.o
 .comment       0x0000000000000011       0x12 display.o
 .comment       0x0000000000000011       0x12 SPI.o
 .comment       0x0000000000000011       0x12 I2C.o
 .comment       0x0000000000000011       0x12 serial.o
 .comment       0x0000000000000011       0x12 commands.o
 .comment       0x0000000000000011       0x12 HD44780.o
 .comment       0x0000000000000011       0x12 ST7565R.o
 .comment       0x0000000000000011       0x12 ILI9341.o
 .comment       0x0000000000000011       0x12 PCD8544.o
 .comment       0x0000000000000011       0x12 ST7735.o
 .comment       0x0000000000000011       0x12 ST7920.o
 .comment       0x0000000000000011       0x12 SSD1306.o
 .comment       0x0000000000000011       0x12 ILI9163.o
 .comment       0x0000000000000011       0x12 ADS7843.o

.note.gnu.avr.deviceinfo
                0x0000000000000000       0x3c
 .note.gnu.avr.deviceinfo
                0x0000000000000000       0x3c /usr/local/Cellar/avr-gcc/8.1.0/lib/avr-gcc/8/gcc/avr/8.1.0/../../../../../../avr/lib/avr5/crtatmega328.o

.note.gnu.build-id
 *(.note.gnu.build-id)

.debug
 *(.debug)

.line
 *(.line)

.debug_srcinfo
 *(.debug_srcinfo)

.debug_sfnames
 *(.debug_sfnames)

.debug_aranges  0x0000000000000000      0x428
 *(.debug_aranges)
 .debug_aranges
                0x0000000000000000       0x28 main.o
 .debug_aranges
                0x0000000000000028       0x20 user.o
 .debug_aranges
                0x0000000000000048       0x20 pause.o
 .debug_aranges
                0x0000000000000068       0x20 adjust.o
 .debug_aranges
                0x0000000000000088       0x20 ADC.o
 .debug_aranges
                0x00000000000000a8       0x20 probes.o
 .debug_aranges
                0x00000000000000c8       0x20 resistor.o
 .debug_aranges
                0x00000000000000e8       0x20 cap.o
 .debug_aranges
                0x0000000000000108       0x20 semi.o
 .debug_aranges
                0x0000000000000128       0x20 inductor.o
 .debug_aranges
                0x0000000000000148       0x20 tools.o
 .debug_aranges
                0x0000000000000168       0x20 IR.o
 .debug_aranges
                0x0000000000000188       0x20 display.o
 .debug_aranges
                0x00000000000001a8       0x20 SPI.o
 .debug_aranges
                0x00000000000001c8       0x20 ST7735.o
 .debug_aranges
                0x00000000000001e8       0x20 wait.o
 .debug_aranges
                0x0000000000000208       0x20 /usr/local/Cellar/avr-gcc/8.1.0/lib/avr-gcc/8/gcc/avr/8.1.0/avr5/libgcc.a(_mulsi3.o)
 .debug_aranges
                0x0000000000000228       0x20 /usr/local/Cellar/avr-gcc/8.1.0/lib/avr-gcc/8/gcc/avr/8.1.0/avr5/libgcc.a(_udivmodqi4.o)
 .debug_aranges
                0x0000000000000248       0x20 /usr/local/Cellar/avr-gcc/8.1.0/lib/avr-gcc/8/gcc/avr/8.1.0/avr5/libgcc.a(_divmodqi4.o)
 .debug_aranges
                0x0000000000000268       0x20 /usr/local/Cellar/avr-gcc/8.1.0/lib/avr-gcc/8/gcc/avr/8.1.0/avr5/libgcc.a(_udivmodhi4.o)
 .debug_aranges
                0x0000000000000288       0x20 /usr/local/Cellar/avr-gcc/8.1.0/lib/avr-gcc/8/gcc/avr/8.1.0/avr5/libgcc.a(_divmodhi4.o)
 .debug_aranges
                0x00000000000002a8       0x20 /usr/local/Cellar/avr-gcc/8.1.0/lib/avr-gcc/8/gcc/avr/8.1.0/avr5/libgcc.a(_udivmodsi4.o)
 .debug_aranges
                0x00000000000002c8       0x20 /usr/local/Cellar/avr-gcc/8.1.0/lib/avr-gcc/8/gcc/avr/8.1.0/avr5/libgcc.a(_divmodsi4.o)
 .debug_aranges
                0x00000000000002e8       0x20 /usr/local/Cellar/avr-gcc/8.1.0/lib/avr-gcc/8/gcc/avr/8.1.0/avr5/libgcc.a(_negsi2.o)
 .debug_aranges
                0x0000000000000308       0x20 /usr/local/Cellar/avr-gcc/8.1.0/lib/avr-gcc/8/gcc/avr/8.1.0/avr5/libgcc.a(_exit.o)
 .debug_aranges
                0x0000000000000328       0x20 /usr/local/Cellar/avr-gcc/8.1.0/lib/avr-gcc/8/gcc/avr/8.1.0/avr5/libgcc.a(_tablejump2.o)
 .debug_aranges
                0x0000000000000348       0x20 /usr/local/Cellar/avr-gcc/8.1.0/lib/avr-gcc/8/gcc/avr/8.1.0/avr5/libgcc.a(_copy_data.o)
 .debug_aranges
                0x0000000000000368       0x20 /usr/local/Cellar/avr-gcc/8.1.0/lib/avr-gcc/8/gcc/avr/8.1.0/avr5/libgcc.a(_clear_bss.o)
 .debug_aranges
                0x0000000000000388       0x20 /usr/local/Cellar/avr-gcc/8.1.0/lib/avr-gcc/8/gcc/avr/8.1.0/avr5/libgcc.a(_umulhisi3.o)
 .debug_aranges
                0x00000000000003a8       0x20 /usr/local/Cellar/avr-gcc/8.1.0/lib/avr-gcc/8/gcc/avr/8.1.0/avr5/libgcc.a(_usmulhisi3.o)
 .debug_aranges
                0x00000000000003c8       0x20 /usr/local/Cellar/avr-gcc/8.1.0/lib/avr-gcc/8/gcc/avr/8.1.0/avr5/libgcc.a(_muluhisi3.o)
 .debug_aranges
                0x00000000000003e8       0x20 /usr/local/Cellar/avr-gcc/8.1.0/lib/avr-gcc/8/gcc/avr/8.1.0/avr5/libgcc.a(_prologue.o)
 .debug_aranges
                0x0000000000000408       0x20 /usr/local/Cellar/avr-gcc/8.1.0/lib/avr-gcc/8/gcc/avr/8.1.0/avr5/libgcc.a(_epilogue.o)

.debug_pubnames
 *(.debug_pubnames)

.debug_info     0x0000000000000000    0x17931
 *(.debug_info .gnu.linkonce.wi.*)
 .debug_info    0x0000000000000000      0x5f4 /usr/local/Cellar/avr-gcc/8.1.0/lib/avr-gcc/8/gcc/avr/8.1.0/../../../../../../avr/lib/avr5/crtatmega328.o
 .debug_info    0x00000000000005f4     0x2cf3 main.o
 .debug_info    0x00000000000032e7     0x1ae3 user.o
 .debug_info    0x0000000000004dca      0xfbb pause.o
 .debug_info    0x0000000000005d85     0x1a3d adjust.o
 .debug_info    0x00000000000077c2     0x106c ADC.o
 .debug_info    0x000000000000882e     0x1722 probes.o
 .debug_info    0x0000000000009f50     0x13da resistor.o
 .debug_info    0x000000000000b32a     0x17be cap.o
 .debug_info    0x000000000000cae8     0x18d6 semi.o
 .debug_info    0x000000000000e3be     0x1295 inductor.o
 .debug_info    0x000000000000f653     0x1c9a tools.o
 .debug_info    0x00000000000112ed     0x2379 IR.o
 .debug_info    0x0000000000013666     0x1954 display.o
 .debug_info    0x0000000000014fba      0xf67 SPI.o
 .debug_info    0x0000000000015f21     0x1764 ST7735.o
 .debug_info    0x0000000000017685       0x26 wait.o
 .debug_info    0x00000000000176ab       0x26 /usr/local/Cellar/avr-gcc/8.1.0/lib/avr-gcc/8/gcc/avr/8.1.0/avr5/libgcc.a(_mulsi3.o)
 .debug_info    0x00000000000176d1       0x26 /usr/local/Cellar/avr-gcc/8.1.0/lib/avr-gcc/8/gcc/avr/8.1.0/avr5/libgcc.a(_udivmodqi4.o)
 .debug_info    0x00000000000176f7       0x26 /usr/local/Cellar/avr-gcc/8.1.0/lib/avr-gcc/8/gcc/avr/8.1.0/avr5/libgcc.a(_divmodqi4.o)
 .debug_info    0x000000000001771d       0x26 /usr/local/Cellar/avr-gcc/8.1.0/lib/avr-gcc/8/gcc/avr/8.1.0/avr5/libgcc.a(_udivmodhi4.o)
 .debug_info    0x0000000000017743       0x26 /usr/local/Cellar/avr-gcc/8.1.0/lib/avr-gcc/8/gcc/avr/8.1.0/avr5/libgcc.a(_divmodhi4.o)
 .debug_info    0x0000000000017769       0x26 /usr/local/Cellar/avr-gcc/8.1.0/lib/avr-gcc/8/gcc/avr/8.1.0/avr5/libgcc.a(_udivmodsi4.o)
 .debug_info    0x000000000001778f       0x26 /usr/local/Cellar/avr-gcc/8.1.0/lib/avr-gcc/8/gcc/avr/8.1.0/avr5/libgcc.a(_divmodsi4.o)
 .debug_info    0x00000000000177b5       0x26 /usr/local/Cellar/avr-gcc/8.1.0/lib/avr-gcc/8/gcc/avr/8.1.0/avr5/libgcc.a(_negsi2.o)
 .debug_info    0x00000000000177db       0x26 /usr/local/Cellar/avr-gcc/8.1.0/lib/avr-gcc/8/gcc/avr/8.1.0/avr5/libgcc.a(_exit.o)
 .debug_info    0x0000000000017801       0x26 /usr/local/Cellar/avr-gcc/8.1.0/lib/avr-gcc/8/gcc/avr/8.1.0/avr5/libgcc.a(_tablejump2.o)
 .debug_info    0x0000000000017827       0x26 /usr/local/Cellar/avr-gcc/8.1.0/lib/avr-gcc/8/gcc/avr/8.1.0/avr5/libgcc.a(_copy_data.o)
 .debug_info    0x000000000001784d       0x26 /usr/local/Cellar/avr-gcc/8.1.0/lib/avr-gcc/8/gcc/avr/8.1.0/avr5/libgcc.a(_clear_bss.o)
 .debug_info    0x0000000000017873       0x26 /usr/local/Cellar/avr-gcc/8.1.0/lib/avr-gcc/8/gcc/avr/8.1.0/avr5/libgcc.a(_umulhisi3.o)
 .debug_info    0x0000000000017899       0x26 /usr/local/Cellar/avr-gcc/8.1.0/lib/avr-gcc/8/gcc/avr/8.1.0/avr5/libgcc.a(_usmulhisi3.o)
 .debug_info    0x00000000000178bf       0x26 /usr/local/Cellar/avr-gcc/8.1.0/lib/avr-gcc/8/gcc/avr/8.1.0/avr5/libgcc.a(_muluhisi3.o)
 .debug_info    0x00000000000178e5       0x26 /usr/local/Cellar/avr-gcc/8.1.0/lib/avr-gcc/8/gcc/avr/8.1.0/avr5/libgcc.a(_prologue.o)
 .debug_info    0x000000000001790b       0x26 /usr/local/Cellar/avr-gcc/8.1.0/lib/avr-gcc/8/gcc/avr/8.1.0/avr5/libgcc.a(_epilogue.o)

.debug_abbrev   0x0000000000000000     0x2ed8
 *(.debug_abbrev)
 .debug_abbrev  0x0000000000000000      0x5a2 /usr/local/Cellar/avr-gcc/8.1.0/lib/avr-gcc/8/gcc/avr/8.1.0/../../../../../../avr/lib/avr5/crtatmega328.o
 .debug_abbrev  0x00000000000005a2      0x3ec main.o
 .debug_abbrev  0x000000000000098e      0x33b user.o
 .debug_abbrev  0x0000000000000cc9      0x173 pause.o
 .debug_abbrev  0x0000000000000e3c      0x26d adjust.o
 .debug_abbrev  0x00000000000010a9      0x1af ADC.o
 .debug_abbrev  0x0000000000001258      0x302 probes.o
 .debug_abbrev  0x000000000000155a      0x299 resistor.o
 .debug_abbrev  0x00000000000017f3      0x39a cap.o
 .debug_abbrev  0x0000000000001b8d      0x2a3 semi.o
 .debug_abbrev  0x0000000000001e30      0x243 inductor.o
 .debug_abbrev  0x0000000000002073      0x2bc tools.o
 .debug_abbrev  0x000000000000232f      0x2f7 IR.o
 .debug_abbrev  0x0000000000002626      0x331 display.o
 .debug_abbrev  0x0000000000002957      0x16e SPI.o
 .debug_abbrev  0x0000000000002ac5      0x2ab ST7735.o
 .debug_abbrev  0x0000000000002d70       0x14 wait.o
 .debug_abbrev  0x0000000000002d84       0x14 /usr/local/Cellar/avr-gcc/8.1.0/lib/avr-gcc/8/gcc/avr/8.1.0/avr5/libgcc.a(_mulsi3.o)
 .debug_abbrev  0x0000000000002d98       0x14 /usr/local/Cellar/avr-gcc/8.1.0/lib/avr-gcc/8/gcc/avr/8.1.0/avr5/libgcc.a(_udivmodqi4.o)
 .debug_abbrev  0x0000000000002dac       0x14 /usr/local/Cellar/avr-gcc/8.1.0/lib/avr-gcc/8/gcc/avr/8.1.0/avr5/libgcc.a(_divmodqi4.o)
 .debug_abbrev  0x0000000000002dc0       0x14 /usr/local/Cellar/avr-gcc/8.1.0/lib/avr-gcc/8/gcc/avr/8.1.0/avr5/libgcc.a(_udivmodhi4.o)
 .debug_abbrev  0x0000000000002dd4       0x14 /usr/local/Cellar/avr-gcc/8.1.0/lib/avr-gcc/8/gcc/avr/8.1.0/avr5/libgcc.a(_divmodhi4.o)
 .debug_abbrev  0x0000000000002de8       0x14 /usr/local/Cellar/avr-gcc/8.1.0/lib/avr-gcc/8/gcc/avr/8.1.0/avr5/libgcc.a(_udivmodsi4.o)
 .debug_abbrev  0x0000000000002dfc       0x14 /usr/local/Cellar/avr-gcc/8.1.0/lib/avr-gcc/8/gcc/avr/8.1.0/avr5/libgcc.a(_divmodsi4.o)
 .debug_abbrev  0x0000000000002e10       0x14 /usr/local/Cellar/avr-gcc/8.1.0/lib/avr-gcc/8/gcc/avr/8.1.0/avr5/libgcc.a(_negsi2.o)
 .debug_abbrev  0x0000000000002e24       0x14 /usr/local/Cellar/avr-gcc/8.1.0/lib/avr-gcc/8/gcc/avr/8.1.0/avr5/libgcc.a(_exit.o)
 .debug_abbrev  0x0000000000002e38       0x14 /usr/local/Cellar/avr-gcc/8.1.0/lib/avr-gcc/8/gcc/avr/8.1.0/avr5/libgcc.a(_tablejump2.o)
 .debug_abbrev  0x0000000000002e4c       0x14 /usr/local/Cellar/avr-gcc/8.1.0/lib/avr-gcc/8/gcc/avr/8.1.0/avr5/libgcc.a(_copy_data.o)
 .debug_abbrev  0x0000000000002e60       0x14 /usr/local/Cellar/avr-gcc/8.1.0/lib/avr-gcc/8/gcc/avr/8.1.0/avr5/libgcc.a(_clear_bss.o)
 .debug_abbrev  0x0000000000002e74       0x14 /usr/local/Cellar/avr-gcc/8.1.0/lib/avr-gcc/8/gcc/avr/8.1.0/avr5/libgcc.a(_umulhisi3.o)
 .debug_abbrev  0x0000000000002e88       0x14 /usr/local/Cellar/avr-gcc/8.1.0/lib/avr-gcc/8/gcc/avr/8.1.0/avr5/libgcc.a(_usmulhisi3.o)
 .debug_abbrev  0x0000000000002e9c       0x14 /usr/local/Cellar/avr-gcc/8.1.0/lib/avr-gcc/8/gcc/avr/8.1.0/avr5/libgcc.a(_muluhisi3.o)
 .debug_abbrev  0x0000000000002eb0       0x14 /usr/local/Cellar/avr-gcc/8.1.0/lib/avr-gcc/8/gcc/avr/8.1.0/avr5/libgcc.a(_prologue.o)
 .debug_abbrev  0x0000000000002ec4       0x14 /usr/local/Cellar/avr-gcc/8.1.0/lib/avr-gcc/8/gcc/avr/8.1.0/avr5/libgcc.a(_epilogue.o)

.debug_line     0x0000000000000000    0x10e43
 *(.debug_line .debug_line.* .debug_line_end)
 .debug_line    0x0000000000000000       0x1d /usr/local/Cellar/avr-gcc/8.1.0/lib/avr-gcc/8/gcc/avr/8.1.0/../../../../../../avr/lib/avr5/crtatmega328.o
 .debug_line    0x000000000000001d     0x1cc2 main.o
 .debug_line    0x0000000000001cdf     0x1750 user.o
 .debug_line    0x000000000000342f      0x34a pause.o
 .debug_line    0x0000000000003779     0x1311 adjust.o
 .debug_line    0x0000000000004a8a      0x3ac ADC.o
 .debug_line    0x0000000000004e36      0xf5f probes.o
 .debug_line    0x0000000000005d95      0xd81 resistor.o
 .debug_line    0x0000000000006b16     0x1918 cap.o
 .debug_line    0x000000000000842e     0x22ed semi.o
 .debug_line    0x000000000000a71b      0xaab inductor.o
 .debug_line    0x000000000000b1c6     0x1ae4 tools.o
 .debug_line    0x000000000000ccaa     0x1aa7 IR.o
 .debug_line    0x000000000000e751      0xc0f display.o
 .debug_line    0x000000000000f360      0x1ec SPI.o
 .debug_line    0x000000000000f54c        0x0 I2C.o
 .debug_line    0x000000000000f54c        0x0 serial.o
 .debug_line    0x000000000000f54c        0x0 commands.o
 .debug_line    0x000000000000f54c        0x0 HD44780.o
 .debug_line    0x000000000000f54c        0x0 ST7565R.o
 .debug_line    0x000000000000f54c        0x0 ILI9341.o
 .debug_line    0x000000000000f54c        0x0 PCD8544.o
 .debug_line    0x000000000000f54c      0xc5f ST7735.o
 .debug_line    0x00000000000101ab        0x0 ST7920.o
 .debug_line    0x00000000000101ab        0x0 SSD1306.o
 .debug_line    0x00000000000101ab        0x0 ILI9163.o
 .debug_line    0x00000000000101ab        0x0 ADS7843.o
 .debug_line    0x00000000000101ab      0x123 wait.o
 .debug_line    0x00000000000102ce       0xaf /usr/local/Cellar/avr-gcc/8.1.0/lib/avr-gcc/8/gcc/avr/8.1.0/avr5/libgcc.a(_mulsi3.o)
 .debug_line    0x000000000001037d       0x9d /usr/local/Cellar/avr-gcc/8.1.0/lib/avr-gcc/8/gcc/avr/8.1.0/avr5/libgcc.a(_udivmodqi4.o)
 .debug_line    0x000000000001041a       0xa3 /usr/local/Cellar/avr-gcc/8.1.0/lib/avr-gcc/8/gcc/avr/8.1.0/avr5/libgcc.a(_divmodqi4.o)
 .debug_line    0x00000000000104bd       0xcd /usr/local/Cellar/avr-gcc/8.1.0/lib/avr-gcc/8/gcc/avr/8.1.0/avr5/libgcc.a(_udivmodhi4.o)
 .debug_line    0x000000000001058a       0xc7 /usr/local/Cellar/avr-gcc/8.1.0/lib/avr-gcc/8/gcc/avr/8.1.0/avr5/libgcc.a(_divmodhi4.o)
 .debug_line    0x0000000000010651      0x121 /usr/local/Cellar/avr-gcc/8.1.0/lib/avr-gcc/8/gcc/avr/8.1.0/avr5/libgcc.a(_udivmodsi4.o)
 .debug_line    0x0000000000010772       0xcd /usr/local/Cellar/avr-gcc/8.1.0/lib/avr-gcc/8/gcc/avr/8.1.0/avr5/libgcc.a(_divmodsi4.o)
 .debug_line    0x000000000001083f       0x61 /usr/local/Cellar/avr-gcc/8.1.0/lib/avr-gcc/8/gcc/avr/8.1.0/avr5/libgcc.a(_negsi2.o)
 .debug_line    0x00000000000108a0       0x61 /usr/local/Cellar/avr-gcc/8.1.0/lib/avr-gcc/8/gcc/avr/8.1.0/avr5/libgcc.a(_exit.o)
 .debug_line    0x0000000000010901       0x79 /usr/local/Cellar/avr-gcc/8.1.0/lib/avr-gcc/8/gcc/avr/8.1.0/avr5/libgcc.a(_tablejump2.o)
 .debug_line    0x000000000001097a       0x97 /usr/local/Cellar/avr-gcc/8.1.0/lib/avr-gcc/8/gcc/avr/8.1.0/avr5/libgcc.a(_copy_data.o)
 .debug_line    0x0000000000010a11       0x85 /usr/local/Cellar/avr-gcc/8.1.0/lib/avr-gcc/8/gcc/avr/8.1.0/avr5/libgcc.a(_clear_bss.o)
 .debug_line    0x0000000000010a96       0xaf /usr/local/Cellar/avr-gcc/8.1.0/lib/avr-gcc/8/gcc/avr/8.1.0/avr5/libgcc.a(_umulhisi3.o)
 .debug_line    0x0000000000010b45       0x79 /usr/local/Cellar/avr-gcc/8.1.0/lib/avr-gcc/8/gcc/avr/8.1.0/avr5/libgcc.a(_usmulhisi3.o)
 .debug_line    0x0000000000010bbe       0x91 /usr/local/Cellar/avr-gcc/8.1.0/lib/avr-gcc/8/gcc/avr/8.1.0/avr5/libgcc.a(_muluhisi3.o)
 .debug_line    0x0000000000010c4f       0xfd /usr/local/Cellar/avr-gcc/8.1.0/lib/avr-gcc/8/gcc/avr/8.1.0/avr5/libgcc.a(_prologue.o)
 .debug_line    0x0000000000010d4c       0xf7 /usr/local/Cellar/avr-gcc/8.1.0/lib/avr-gcc/8/gcc/avr/8.1.0/avr5/libgcc.a(_epilogue.o)

.debug_frame    0x0000000000000000     0x103c
 *(.debug_frame)
 .debug_frame   0x0000000000000000      0x220 main.o
 .debug_frame   0x0000000000000220      0x1b0 user.o
 .debug_frame   0x00000000000003d0       0x40 pause.o
 .debug_frame   0x0000000000000410       0xe8 adjust.o
 .debug_frame   0x00000000000004f8       0x60 ADC.o
 .debug_frame   0x0000000000000558      0x13c probes.o
 .debug_frame   0x0000000000000694       0xac resistor.o
 .debug_frame   0x0000000000000740       0xf4 cap.o
 .debug_frame   0x0000000000000834      0x1ac semi.o
 .debug_frame   0x00000000000009e0       0x6c inductor.o
 .debug_frame   0x0000000000000a4c      0x1a8 tools.o
 .debug_frame   0x0000000000000bf4      0x11c IR.o
 .debug_frame   0x0000000000000d10      0x1c0 display.o
 .debug_frame   0x0000000000000ed0       0x34 SPI.o
 .debug_frame   0x0000000000000f04      0x138 ST7735.o

.debug_str      0x0000000000000000     0x18b1
 *(.debug_str)
 .debug_str     0x0000000000000000      0x208 /usr/local/Cellar/avr-gcc/8.1.0/lib/avr-gcc/8/gcc/avr/8.1.0/../../../../../../avr/lib/avr5/crtatmega328.o
 .debug_str     0x0000000000000208      0xc81 main.o
                                        0xd68 (size before relaxing)
 .debug_str     0x0000000000000e89      0x1f6 user.o
                                        0xb67 (size before relaxing)
 .debug_str     0x000000000000107f       0x1a pause.o
                                        0x8e6 (size before relaxing)
 .debug_str     0x0000000000001099       0xcd adjust.o
                                        0xae8 (size before relaxing)
 .debug_str     0x0000000000001166       0x28 ADC.o
                                        0x8fa (size before relaxing)
 .debug_str     0x000000000000118e      0x132 probes.o
                                        0xa99 (size before relaxing)
 .debug_str     0x00000000000012c0       0x5f resistor.o
                                        0x9b0 (size before relaxing)
 .debug_str     0x000000000000131f       0xac cap.o
                                        0xa23 (size before relaxing)
 .debug_str     0x00000000000013cb       0xcd semi.o
                                        0xabb (size before relaxing)
 .debug_str     0x0000000000001498       0x3b inductor.o
                                        0x972 (size before relaxing)
 .debug_str     0x00000000000014d3       0x9b tools.o
                                        0xb2d (size before relaxing)
 .debug_str     0x000000000000156e       0xfd IR.o
                                        0xadb (size before relaxing)
 .debug_str     0x000000000000166b       0xa8 display.o
                                        0xaeb (size before relaxing)
 .debug_str     0x0000000000001713       0x1f SPI.o
                                        0x8ce (size before relaxing)
 .debug_str     0x0000000000001732        0x6 I2C.o
                                         0xfb (size before relaxing)
 .debug_str     0x0000000000001738        0x9 serial.o
                                         0xfe (size before relaxing)
 .debug_str     0x0000000000001741        0xb commands.o
                                        0x100 (size before relaxing)
 .debug_str     0x000000000000174c        0xa HD44780.o
                                         0xff (size before relaxing)
 .debug_str     0x0000000000001756        0xa ST7565R.o
                                         0xff (size before relaxing)
 .debug_str     0x0000000000001760        0xa ILI9341.o
                                         0xff (size before relaxing)
 .debug_str     0x000000000000176a        0xa PCD8544.o
                                         0xff (size before relaxing)
 .debug_str     0x0000000000001774       0x8e ST7735.o
                                        0xa0f (size before relaxing)
 .debug_str     0x0000000000001802        0x9 ST7920.o
                                         0xfe (size before relaxing)
 .debug_str     0x000000000000180b        0xa SSD1306.o
                                         0xff (size before relaxing)
 .debug_str     0x0000000000001815        0xa ILI9163.o
                                         0xff (size before relaxing)
 .debug_str     0x000000000000181f        0xa ADS7843.o
                                         0xff (size before relaxing)
 .debug_str     0x0000000000001829       0x13 wait.o
                                         0x6a (size before relaxing)
 .debug_str     0x000000000000183c       0x75 /usr/local/Cellar/avr-gcc/8.1.0/lib/avr-gcc/8/gcc/avr/8.1.0/avr5/libgcc.a(_mulsi3.o)
                                         0x81 (size before relaxing)
 .debug_str     0x00000000000018b1       0x81 /usr/local/Cellar/avr-gcc/8.1.0/lib/avr-gcc/8/gcc/avr/8.1.0/avr5/libgcc.a(_udivmodqi4.o)
 .debug_str     0x00000000000018b1       0x81 /usr/local/Cellar/avr-gcc/8.1.0/lib/avr-gcc/8/gcc/avr/8.1.0/avr5/libgcc.a(_divmodqi4.o)
 .debug_str     0x00000000000018b1       0x81 /usr/local/Cellar/avr-gcc/8.1.0/lib/avr-gcc/8/gcc/avr/8.1.0/avr5/libgcc.a(_udivmodhi4.o)
 .debug_str     0x00000000000018b1       0x81 /usr/local/Cellar/avr-gcc/8.1.0/lib/avr-gcc/8/gcc/avr/8.1.0/avr5/libgcc.a(_divmodhi4.o)
 .debug_str     0x00000000000018b1       0x81 /usr/local/Cellar/avr-gcc/8.1.0/lib/avr-gcc/8/gcc/avr/8.1.0/avr5/libgcc.a(_udivmodsi4.o)
 .debug_str     0x00000000000018b1       0x81 /usr/local/Cellar/avr-gcc/8.1.0/lib/avr-gcc/8/gcc/avr/8.1.0/avr5/libgcc.a(_divmodsi4.o)
 .debug_str     0x00000000000018b1       0x81 /usr/local/Cellar/avr-gcc/8.1.0/lib/avr-gcc/8/gcc/avr/8.1.0/avr5/libgcc.a(_negsi2.o)
 .debug_str     0x00000000000018b1       0x81 /usr/local/Cellar/avr-gcc/8.1.0/lib/avr-gcc/8/gcc/avr/8.1.0/avr5/libgcc.a(_exit.o)
 .debug_str     0x00000000000018b1       0x81 /usr/local/Cellar/avr-gcc/8.1.0/lib/avr-gcc/8/gcc/avr/8.1.0/avr5/libgcc.a(_tablejump2.o)
 .debug_str     0x00000000000018b1       0x81 /usr/local/Cellar/avr-gcc/8.1.0/lib/avr-gcc/8/gcc/avr/8.1.0/avr5/libgcc.a(_copy_data.o)
 .debug_str     0x00000000000018b1       0x81 /usr/local/Cellar/avr-gcc/8.1.0/lib/avr-gcc/8/gcc/avr/8.1.0/avr5/libgcc.a(_clear_bss.o)
 .debug_str     0x00000000000018b1       0x81 /usr/local/Cellar/avr-gcc/8.1.0/lib/avr-gcc/8/gcc/avr/8.1.0/avr5/libgcc.a(_umulhisi3.o)
 .debug_str     0x00000000000018b1       0x81 /usr/local/Cellar/avr-gcc/8.1.0/lib/avr-gcc/8/gcc/avr/8.1.0/avr5/libgcc.a(_usmulhisi3.o)
 .debug_str     0x00000000000018b1       0x81 /usr/local/Cellar/avr-gcc/8.1.0/lib/avr-gcc/8/gcc/avr/8.1.0/avr5/libgcc.a(_muluhisi3.o)
 .debug_str     0x00000000000018b1       0x81 /usr/local/Cellar/avr-gcc/8.1.0/lib/avr-gcc/8/gcc/avr/8.1.0/avr5/libgcc.a(_prologue.o)
 .debug_str     0x00000000000018b1       0x81 /usr/local/Cellar/avr-gcc/8.1.0/lib/avr-gcc/8/gcc/avr/8.1.0/avr5/libgcc.a(_epilogue.o)

.debug_loc      0x0000000000000000     0xacb8
 *(.debug_loc)
 .debug_loc     0x0000000000000000      0xfaf main.o
 .debug_loc     0x0000000000000faf     0x120d user.o
 .debug_loc     0x00000000000021bc      0x15a pause.o
 .debug_loc     0x0000000000002316      0xcec adjust.o
 .debug_loc     0x0000000000003002      0x209 ADC.o
 .debug_loc     0x000000000000320b      0x8e9 probes.o
 .debug_loc     0x0000000000003af4      0xb3f resistor.o
 .debug_loc     0x0000000000004633      0xdb8 cap.o
 .debug_loc     0x00000000000053eb     0x15d6 semi.o
 .debug_loc     0x00000000000069c1      0x724 inductor.o
 .debug_loc     0x00000000000070e5     0x1149 tools.o
 .debug_loc     0x000000000000822e     0x1637 IR.o
 .debug_loc     0x0000000000009865      0xb18 display.o
 .debug_loc     0x000000000000a37d       0x61 SPI.o
 .debug_loc     0x000000000000a3de      0x8da ST7735.o

.debug_macinfo
 *(.debug_macinfo)

.debug_weaknames
 *(.debug_weaknames)

.debug_funcnames
 *(.debug_funcnames)

.debug_typenames
 *(.debug_typenames)

.debug_varnames
 *(.debug_varnames)

.debug_pubtypes
 *(.debug_pubtypes)

.debug_ranges   0x0000000000000000      0x130
 *(.debug_ranges)
 .debug_ranges  0x0000000000000000       0x68 main.o
 .debug_ranges  0x0000000000000068       0x38 user.o
 .debug_ranges  0x00000000000000a0       0x18 pause.o
 .debug_ranges  0x00000000000000b8       0x18 cap.o
 .debug_ranges  0x00000000000000d0       0x48 display.o
 .debug_ranges  0x0000000000000118       0x18 ST7735.o

.debug_macro
 *(.debug_macro)

.debug_addr
 *(.debug_addr)
OUTPUT(ComponentTester elf32-avr)
LOAD linker stubs
